Archive member included to satisfy reference by file (symbol)

D:/ST/STM32CubeIDE_1.18.1/STM32CubeIDE/plugins/com.st.stm32cube.ide.mcu.externaltools.gnu-tools-for-stm32.13.3.rel1.win32_1.0.0.202411081344/tools/bin/../lib/gcc/arm-none-eabi/13.3.1/../../../../arm-none-eabi/lib/thumb/v7e-m+fp/hard\libc_nano.a(libc_a-exit.o)
                              D:/ST/STM32CubeIDE_1.18.1/STM32CubeIDE/plugins/com.st.stm32cube.ide.mcu.externaltools.gnu-tools-for-stm32.13.3.rel1.win32_1.0.0.202411081344/tools/bin/../lib/gcc/arm-none-eabi/13.3.1/../../../../arm-none-eabi/lib/thumb/v7e-m+fp/hard/crt0.o (exit)
D:/ST/STM32CubeIDE_1.18.1/STM32CubeIDE/plugins/com.st.stm32cube.ide.mcu.externaltools.gnu-tools-for-stm32.13.3.rel1.win32_1.0.0.202411081344/tools/bin/../lib/gcc/arm-none-eabi/13.3.1/../../../../arm-none-eabi/lib/thumb/v7e-m+fp/hard\libc_nano.a(libc_a-malloc.o)
                              ./Middlewares/ST/STM32_USB_Host_Library/Class/AUDIO/Src/usbh_audio.o (malloc)
D:/ST/STM32CubeIDE_1.18.1/STM32CubeIDE/plugins/com.st.stm32cube.ide.mcu.externaltools.gnu-tools-for-stm32.13.3.rel1.win32_1.0.0.202411081344/tools/bin/../lib/gcc/arm-none-eabi/13.3.1/../../../../arm-none-eabi/lib/thumb/v7e-m+fp/hard\libc_nano.a(libc_a-mallocr.o)
                              D:/ST/STM32CubeIDE_1.18.1/STM32CubeIDE/plugins/com.st.stm32cube.ide.mcu.externaltools.gnu-tools-for-stm32.13.3.rel1.win32_1.0.0.202411081344/tools/bin/../lib/gcc/arm-none-eabi/13.3.1/../../../../arm-none-eabi/lib/thumb/v7e-m+fp/hard\libc_nano.a(libc_a-malloc.o) (_malloc_r)
D:/ST/STM32CubeIDE_1.18.1/STM32CubeIDE/plugins/com.st.stm32cube.ide.mcu.externaltools.gnu-tools-for-stm32.13.3.rel1.win32_1.0.0.202411081344/tools/bin/../lib/gcc/arm-none-eabi/13.3.1/../../../../arm-none-eabi/lib/thumb/v7e-m+fp/hard\libc_nano.a(libc_a-mlock.o)
                              D:/ST/STM32CubeIDE_1.18.1/STM32CubeIDE/plugins/com.st.stm32cube.ide.mcu.externaltools.gnu-tools-for-stm32.13.3.rel1.win32_1.0.0.202411081344/tools/bin/../lib/gcc/arm-none-eabi/13.3.1/../../../../arm-none-eabi/lib/thumb/v7e-m+fp/hard\libc_nano.a(libc_a-mallocr.o) (__malloc_lock)
D:/ST/STM32CubeIDE_1.18.1/STM32CubeIDE/plugins/com.st.stm32cube.ide.mcu.externaltools.gnu-tools-for-stm32.13.3.rel1.win32_1.0.0.202411081344/tools/bin/../lib/gcc/arm-none-eabi/13.3.1/../../../../arm-none-eabi/lib/thumb/v7e-m+fp/hard\libc_nano.a(libc_a-findfp.o)
                              D:/ST/STM32CubeIDE_1.18.1/STM32CubeIDE/plugins/com.st.stm32cube.ide.mcu.externaltools.gnu-tools-for-stm32.13.3.rel1.win32_1.0.0.202411081344/tools/bin/../lib/gcc/arm-none-eabi/13.3.1/../../../../arm-none-eabi/lib/thumb/v7e-m+fp/hard\libc_nano.a(libc_a-exit.o) (__stdio_exit_handler)
D:/ST/STM32CubeIDE_1.18.1/STM32CubeIDE/plugins/com.st.stm32cube.ide.mcu.externaltools.gnu-tools-for-stm32.13.3.rel1.win32_1.0.0.202411081344/tools/bin/../lib/gcc/arm-none-eabi/13.3.1/../../../../arm-none-eabi/lib/thumb/v7e-m+fp/hard\libc_nano.a(libc_a-fwalk.o)
                              D:/ST/STM32CubeIDE_1.18.1/STM32CubeIDE/plugins/com.st.stm32cube.ide.mcu.externaltools.gnu-tools-for-stm32.13.3.rel1.win32_1.0.0.202411081344/tools/bin/../lib/gcc/arm-none-eabi/13.3.1/../../../../arm-none-eabi/lib/thumb/v7e-m+fp/hard\libc_nano.a(libc_a-findfp.o) (_fwalk_sglue)
D:/ST/STM32CubeIDE_1.18.1/STM32CubeIDE/plugins/com.st.stm32cube.ide.mcu.externaltools.gnu-tools-for-stm32.13.3.rel1.win32_1.0.0.202411081344/tools/bin/../lib/gcc/arm-none-eabi/13.3.1/../../../../arm-none-eabi/lib/thumb/v7e-m+fp/hard\libc_nano.a(libc_a-printf.o)
                              ./Middlewares/ST/STM32_USB_Host_Library/Class/HID/Src/usbh_hid.o (printf)
D:/ST/STM32CubeIDE_1.18.1/STM32CubeIDE/plugins/com.st.stm32cube.ide.mcu.externaltools.gnu-tools-for-stm32.13.3.rel1.win32_1.0.0.202411081344/tools/bin/../lib/gcc/arm-none-eabi/13.3.1/../../../../arm-none-eabi/lib/thumb/v7e-m+fp/hard\libc_nano.a(libc_a-putchar.o)
                              ./Core/Src/main.o (putchar)
D:/ST/STM32CubeIDE_1.18.1/STM32CubeIDE/plugins/com.st.stm32cube.ide.mcu.externaltools.gnu-tools-for-stm32.13.3.rel1.win32_1.0.0.202411081344/tools/bin/../lib/gcc/arm-none-eabi/13.3.1/../../../../arm-none-eabi/lib/thumb/v7e-m+fp/hard\libc_nano.a(libc_a-puts.o)
                              ./Core/Src/main.o (puts)
D:/ST/STM32CubeIDE_1.18.1/STM32CubeIDE/plugins/com.st.stm32cube.ide.mcu.externaltools.gnu-tools-for-stm32.13.3.rel1.win32_1.0.0.202411081344/tools/bin/../lib/gcc/arm-none-eabi/13.3.1/../../../../arm-none-eabi/lib/thumb/v7e-m+fp/hard\libc_nano.a(libc_a-stdio.o)
                              D:/ST/STM32CubeIDE_1.18.1/STM32CubeIDE/plugins/com.st.stm32cube.ide.mcu.externaltools.gnu-tools-for-stm32.13.3.rel1.win32_1.0.0.202411081344/tools/bin/../lib/gcc/arm-none-eabi/13.3.1/../../../../arm-none-eabi/lib/thumb/v7e-m+fp/hard\libc_nano.a(libc_a-findfp.o) (__sread)
[...]
Memory Configuration

Name             Origin             Length             Attributes
CCMRAM           0x10000000         0x00010000         xrw
RAM              0x20000000         0x00020000         xrw
FLASH            0x08000000         0x00080000         xr
*default*        0x00000000         0xffffffff

Linker script and memory map

LOAD D:/ST/STM32CubeIDE_1.18.1/STM32CubeIDE/plugins/com.st.stm32cube.ide.mcu.externaltools.gnu-tools-for-stm32.13.3.rel1.win32_1.0.0.202411081344/tools/bin/../lib/gcc/arm-none-eabi/13.3.1/thumb/v7e-m+fp/hard/crti.o
LOAD D:/ST/STM32CubeIDE_1.18.1/STM32CubeIDE/plugins/com.st.stm32cube.ide.mcu.externaltools.gnu-tools-for-stm32.13.3.rel1.win32_1.0.0.202411081344/tools/bin/../lib/gcc/arm-none-eabi/13.3.1/thumb/v7e-m+fp/hard/crtbegin.o
LOAD D:/ST/STM32CubeIDE_1.18.1/STM32CubeIDE/plugins/com.st.stm32cube.ide.mcu.externaltools.gnu-tools-for-stm32.13.3.rel1.win32_1.0.0.202411081344/tools/bin/../lib/gcc/arm-none-eabi/13.3.1/../../../../arm-none-eabi/lib/thumb/v7e-m+fp/hard/crt0.o
LOAD ./CRC/crc_xmod.o
LOAD ./Core/Src/gpio.o
LOAD ./Core/Src/main.o
LOAD ./Core/Src/stm32f4xx_hal_msp.o
LOAD ./Core/Src/stm32f4xx_it.o
LOAD ./Core/Src/syscalls.o
LOAD ./Core/Src/sysmem.o
LOAD ./Core/Src/system_stm32f4xx.o
LOAD ./Core/Src/tim.o
LOAD ./Core/Src/usart.o
LOAD ./Core/Startup/startup_stm32f407vetx.o
LOAD ./Drivers/STM32F4xx_HAL_Driver/Src/stm32f4xx_hal.o
LOAD ./Drivers/STM32F4xx_HAL_Driver/Src/stm32f4xx_hal_cortex.o
LOAD ./Drivers/STM32F4xx_HAL_Driver/Src/stm32f4xx_hal_dma.o
LOAD ./Drivers/STM32F4xx_HAL_Driver/Src/stm32f4xx_hal_dma_ex.o
LOAD ./Drivers/STM32F4xx_HAL_Driver/Src/stm32f4xx_hal_exti.o
LOAD ./Drivers/STM32F4xx_HAL_Driver/Src/stm32f4xx_hal_flash.o
LOAD ./Drivers/STM32F4xx_HAL_Driver/Src/stm32f4xx_hal_flash_ex.o
LOAD ./Drivers/STM32F4xx_HAL_Driver/Src/stm32f4xx_hal_flash_ramfunc.o
LOAD ./Drivers/STM32F4xx_HAL_Driver/Src/stm32f4xx_hal_gpio.o
LOAD ./Drivers/STM32F4xx_HAL_Driver/Src/stm32f4xx_hal_hcd.o
LOAD ./Drivers/STM32F4xx_HAL_Driver/Src/stm32f4xx_hal_pwr.o
LOAD ./Drivers/STM32F4xx_HAL_Driver/Src/stm32f4xx_hal_pwr_ex.o
LOAD ./Drivers/STM32F4xx_HAL_Driver/Src/stm32f4xx_hal_rcc.o
LOAD ./Drivers/STM32F4xx_HAL_Driver/Src/stm32f4xx_hal_rcc_ex.o
LOAD ./Drivers/STM32F4xx_HAL_Driver/Src/stm32f4xx_ll_dma.o
LOAD ./Drivers/STM32F4xx_HAL_Driver/Src/stm32f4xx_ll_exti.o
LOAD ./Drivers/STM32F4xx_HAL_Driver/Src/stm32f4xx_ll_gpio.o
LOAD ./Drivers/STM32F4xx_HAL_Driver/Src/stm32f4xx_ll_rcc.o
LOAD ./Drivers/STM32F4xx_HAL_Driver/Src/stm32f4xx_ll_tim.o
LOAD ./Drivers/STM32F4xx_HAL_Driver/Src/stm32f4xx_ll_usart.o
LOAD ./Drivers/STM32F4xx_HAL_Driver/Src/stm32f4xx_ll_usb.o
LOAD ./Drivers/STM32F4xx_HAL_Driver/Src/stm32f4xx_ll_utils.o
LOAD ./Middlewares/ST/STM32_USB_Host_Library/Class/AUDIO/Src/usbh_audio.o
LOAD ./Middlewares/ST/STM32_USB_Host_Library/Class/CDC/Src/usbh_cdc.o
LOAD ./Middlewares/ST/STM32_USB_Host_Library/Class/HID/Src/usbh_hid.o
LOAD ./Middlewares/ST/STM32_USB_Host_Library/Class/HID/Src/usbh_hid_keybd.o
LOAD ./Middlewares/ST/STM32_USB_Host_Library/Class/HID/Src/usbh_hid_mouse.o
LOAD ./Middlewares/ST/STM32_USB_Host_Library/Class/HID/Src/usbh_hid_parser.o
LOAD ./Middlewares/ST/STM32_USB_Host_Library/Class/MSC/Src/usbh_msc.o
LOAD ./Middlewares/ST/STM32_USB_Host_Library/Class/MSC/Src/usbh_msc_bot.o
LOAD ./Middlewares/ST/STM32_USB_Host_Library/Class/MSC/Src/usbh_msc_scsi.o
LOAD ./Middlewares/ST/STM32_USB_Host_Library/Class/MTP/Src/usbh_mtp.o
LOAD ./Middlewares/ST/STM32_USB_Host_Library/Class/MTP/Src/usbh_mtp_ptp.o
LOAD ./Middlewares/ST/STM32_USB_Host_Library/Core/Src/usbh_core.o
LOAD ./Middlewares/ST/STM32_USB_Host_Library/Core/Src/usbh_ctlreq.o
LOAD ./Middlewares/ST/STM32_USB_Host_Library/Core/Src/usbh_ioreq.o
LOAD ./Middlewares/ST/STM32_USB_Host_Library/Core/Src/usbh_pipes.o
LOAD ./USB_HOST/App/usb_host.o
LOAD ./USB_HOST/App/usbh_ft232.o
LOAD ./USB_HOST/Target/usbh_conf.o
LOAD ./USB_HOST/Target/usbh_platform.o
START GROUP
LOAD D:/ST/STM32CubeIDE_1.18.1/STM32CubeIDE/plugins/com.st.stm32cube.ide.mcu.externaltools.gnu-tools-for-stm32.13.3.rel1.win32_1.0.0.202411081344/tools/bin/../lib/gcc/arm-none-eabi/13.3.1/../../../../arm-none-eabi/lib/thumb/v7e-m+fp/hard\libc_nano.a
LOAD D:/ST/STM32CubeIDE_1.18.1/STM32CubeIDE/plugins/com.st.stm32cube.ide.mcu.externaltools.gnu-tools-for-stm32.13.3.rel1.win32_1.0.0.202411081344/tools/bin/../lib/gcc/arm-none-eabi/13.3.1/../../../../arm-none-eabi/lib/thumb/v7e-m+fp/hard\libm.a
END GROUP
START GROUP
LOAD D:/ST/STM32CubeIDE_1.18.1/STM32CubeIDE/plugins/com.st.stm32cube.ide.mcu.externaltools.gnu-tools-for-stm32.13.3.rel1.win32_1.0.0.202411081344/tools/bin/../lib/gcc/arm-none-eabi/13.3.1/thumb/v7e-m+fp/hard\libgcc.a
LOAD D:/ST/STM32CubeIDE_1.18.1/STM32CubeIDE/plugins/com.st.stm32cube.ide.mcu.externaltools.gnu-tools-for-stm32.13.3.rel1.win32_1.0.0.202411081344/tools/bin/../lib/gcc/arm-none-eabi/13.3.1/../../../../arm-none-eabi/lib/thumb/v7e-m+fp/hard\libc_nano.a
END GROUP
START GROUP
LOAD D:/ST/STM32CubeIDE_1.18.1/STM32CubeIDE/plugins/com.st.stm32cube.ide.mcu.externaltools.gnu-tools-for-stm32.13.3.rel1.win32_1.0.0.202411081344/tools/bin/../lib/gcc/arm-none-eabi/13.3.1/thumb/v7e-m+fp/hard\libgcc.a
LOAD D:/ST/STM32CubeIDE_1.18.1/STM32CubeIDE/plugins/com.st.stm32cube.ide.mcu.externaltools.gnu-tools-for-stm32.13.3.rel1.win32_1.0.0.202411081344/tools/bin/../lib/gcc/arm-none-eabi/13.3.1/../../../../arm-none-eabi/lib/thumb/v7e-m+fp/hard\libc_nano.a
LOAD D:/ST/STM32CubeIDE_1.18.1/STM32CubeIDE/plugins/com.st.stm32cube.ide.mcu.externaltools.gnu-tools-for-stm32.13.3.rel1.win32_1.0.0.202411081344/tools/bin/../lib/gcc/arm-none-eabi/13.3.1/../../../../arm-none-eabi/lib/thumb/v7e-m+fp/hard\libnosys.a
END GROUP
START GROUP
LOAD D:/ST/STM32CubeIDE_1.18.1/STM32CubeIDE/plugins/com.st.stm32cube.ide.mcu.externaltools.gnu-tools-for-stm32.13.3.rel1.win32_1.0.0.202411081344/tools/bin/../lib/gcc/arm-none-eabi/13.3.1/thumb/v7e-m+fp/hard\libgcc.a
LOAD D:/ST/STM32CubeIDE_1.18.1/STM32CubeIDE/plugins/com.st.stm32cube.ide.mcu.externaltools.gnu-tools-for-stm32.13.3.rel1.win32_1.0.0.202411081344/tools/bin/../lib/gcc/arm-none-eabi/13.3.1/../../../../arm-none-eabi/lib/thumb/v7e-m+fp/hard\libc_nano.a
LOAD D:/ST/STM32CubeIDE_1.18.1/STM32CubeIDE/plugins/com.st.stm32cube.ide.mcu.externaltools.gnu-tools-for-stm32.13.3.rel1.win32_1.0.0.202411081344/tools/bin/../lib/gcc/arm-none-eabi/13.3.1/../../../../arm-none-eabi/lib/thumb/v7e-m+fp/hard\libnosys.a
END GROUP
LOAD D:/ST/STM32CubeIDE_1.18.1/STM32CubeIDE/plugins/com.st.stm32cube.ide.mcu.externaltools.gnu-tools-for-stm32.13.3.rel1.win32_1.0.0.202411081344/tools/bin/../lib/gcc/arm-none-eabi/13.3.1/thumb/v7e-m+fp/hard/crtend.o
LOAD D:/ST/STM32CubeIDE_1.18.1/STM32CubeIDE/plugins/com.st.stm32cube.ide.mcu.externaltools.gnu-tools-for-stm32.13.3.rel1.win32_1.0.0.202411081344/tools/bin/../lib/gcc/arm-none-eabi/13.3.1/thumb/v7e-m+fp/hard/crtn.o
                0x20020000                        _estack = (ORIGIN (RAM) + LENGTH (RAM))
                0x00000200                        _Min_Heap_Size = 0x200
                0x00000400                        _Min_Stack_Size = 0x400

.isr_vector     0x08000000      0x188
                0x08000000                        . = ALIGN (0x4)
 *(.isr_vector)
 .isr_vector    0x08000000      0x188 ./Core/Startup/startup_stm32f407vetx.o
                0x08000000                g_pfnVectors
                0x08000188                        . = ALIGN (0x4)

.text           0x08000190     0xa590
                0x08000190                        . = ALIGN (0x4)
 *(.text)
 .text          0x08000190       0x40 D:/ST/STM32CubeIDE_1.18.1/STM32CubeIDE/plugins/com.st.stm32cube.ide.mcu.externaltools.gnu-tools-for-stm32.13.3.rel1.win32_1.0.0.202411081344/tools/bin/../lib/gcc/arm-none-eabi/13.3.1/thumb/v7e-m+fp/hard/crtbegin.o
 .text          0x080001d0       0x14 D:/ST/STM32CubeIDE_1.18.1/STM32CubeIDE/plugins/com.st.stm32cube.ide.mcu.externaltools.gnu-tools-for-stm32.13.3.rel1.win32_1.0.0.202411081344/tools/bin/../lib/gcc/arm-none-eabi/13.3.1/../../../../arm-none-eabi/lib/thumb/v7e-m+fp/hard\libc_nano.a(libc_a-strcmp.o)
                0x080001d0                strcmp
 *fill*         0x080001e4        0xc 
 .text          0x080001f0       0xa0 D:/ST/STM32CubeIDE_1.18.1/STM32CubeIDE/plugins/com.st.stm32cube.ide.mcu.externaltools.gnu-tools-for-stm32.13.3.rel1.win32_1.0.0.202411081344/tools/bin/../lib/gcc/arm-none-eabi/13.3.1/../../../../arm-none-eabi/lib/thumb/v7e-m+fp/hard\libc_nano.a(libc_a-memchr.o)
                0x080001f0                memchr
 .text          0x08000290       0x30 D:/ST/STM32CubeIDE_1.18.1/STM32CubeIDE/plugins/com.st.stm32cube.ide.mcu.externaltools.gnu-tools-for-stm32.13.3.rel1.win32_1.0.0.202411081344/tools/bin/../lib/gcc/arm-none-eabi/13.3.1/thumb/v7e-m+fp/hard\libgcc.a(_aeabi_uldivmod.o)
                0x08000290                __aeabi_uldivmod
 .text          0x080002c0      0x2f8 D:/ST/STM32CubeIDE_1.18.1/STM32CubeIDE/plugins/com.st.stm32cube.ide.mcu.externaltools.gnu-tools-for-stm32.13.3.rel1.win32_1.0.0.202411081344/tools/bin/../lib/gcc/arm-none-eabi/13.3.1/thumb/v7e-m+fp/hard\libgcc.a(_udivmoddi4.o)
                0x080002c0                __udivmoddi4
 .text          0x080005b8        0x4 D:/ST/STM32CubeIDE_1.18.1/STM32CubeIDE/plugins/com.st.stm32cube.ide.mcu.externaltools.gnu-tools-for-stm32.13.3.rel1.win32_1.0.0.202411081344/tools/bin/../lib/gcc/arm-none-eabi/13.3.1/thumb/v7e-m+fp/hard\libgcc.a(_dvmd_tls.o)
                0x080005b8                __aeabi_idiv0
                0x080005b8                __aeabi_ldiv0
 *(.text*)
 .text.do_crc_table
                0x080005bc       0x76 ./CRC/crc_xmod.o
                0x080005bc                do_crc_table
 .text.LL_GPIO_SetOutputPin
                0x08000632       0x1c ./Core/Src/gpio.o
 .text.LL_GPIO_ResetOutputPin
                0x0800064e       0x1e ./Core/Src/gpio.o
 .text.LL_AHB1_GRP1_EnableClock
                0x0800066c       0x30 ./Core/Src/gpio.o
 .text.MX_GPIO_Init
                0x0800069c      0x104 ./Core/Src/gpio.o
                0x0800069c                MX_GPIO_Init
 .text.LL_USART_IsActiveFlag_TC
                0x080007a0       0x26 ./Core/Src/main.o
 .text.LL_USART_IsActiveFlag_TXE
                0x080007c6       0x26 ./Core/Src/main.o
 .text.LL_USART_TransmitData8
                0x080007ec       0x1e ./Core/Src/main.o
 .text.LL_GPIO_SetOutputPin
                0x0800080a       0x1c ./Core/Src/main.o
 .text.LL_GPIO_ResetOutputPin
                0x08000826       0x1e ./Core/Src/main.o
 .text.my_copy  0x08000844       0x3e ./Core/Src/main.o
                0x08000844                my_copy
 .text.delay_us
                0x08000882      0x16e ./Core/Src/main.o
                0x08000882                delay_us
 .text.delay_ms
                0x080009f0       0x26 ./Core/Src/main.o
                0x080009f0                delay_ms
 *fill*         0x08000a16        0x2 
 .text.set_voltage1
                0x08000a18       0xa4 ./Core/Src/main.o
                0x08000a18                set_voltage1
 .text.set_voltage2
                0x08000abc       0xa4 ./Core/Src/main.o
                0x08000abc                set_voltage2
 .text.send_data_1
                0x08000b60       0x46 ./Core/Src/main.o
                0x08000b60                send_data_1
 .text.send_data_all
                0x08000ba6       0x62 ./Core/Src/main.o
                0x08000ba6                send_data_all
 .text.pc_uart_send
                0x08000c08       0x20 ./Core/Src/main.o
                0x08000c08                pc_uart_send
 .text.__io_putchar
                0x08000c28       0x24 ./Core/Src/main.o
                0x08000c28                __io_putchar
 .text.usb_test
                0x08000c4c       0xf0 ./Core/Src/main.o
                0x08000c4c                usb_test
 .text.main     0x08000d3c      0x26c ./Core/Src/main.o
                0x08000d3c                main
 .text.SystemClock_Config
                0x08000fa8       0xd4 ./Core/Src/main.o
                0x08000fa8                SystemClock_Config
 .text.Error_Handler
                0x0800107c        0xc ./Core/Src/main.o
                0x0800107c                Error_Handler
 .text.HAL_MspInit
                0x08001088       0x50 ./Core/Src/stm32f4xx_hal_msp.o
                0x08001088                HAL_MspInit
 .text.LL_TIM_ClearFlag_UPDATE
                0x080010d8       0x1c ./Core/Src/stm32f4xx_it.o
 .text.LL_TIM_IsActiveFlag_UPDATE
                0x080010f4       0x26 ./Core/Src/stm32f4xx_it.o
 .text.LL_USART_IsActiveFlag_RXNE
                0x0800111a       0x26 ./Core/Src/stm32f4xx_it.o
 .text.NMI_Handler
                0x08001140        0x8 ./Core/Src/stm32f4xx_it.o
                0x08001140                NMI_Handler
 .text.HardFault_Handler
                0x08001148        0x8 ./Core/Src/stm32f4xx_it.o
                0x08001148                HardFault_Handler
 .text.MemManage_Handler
                0x08001150        0x8 ./Core/Src/stm32f4xx_it.o
                0x08001150                MemManage_Handler
 .text.BusFault_Handler
                0x08001158        0x8 ./Core/Src/stm32f4xx_it.o
                0x08001158                BusFault_Handler
 .text.UsageFault_Handler
                0x08001160        0x8 ./Core/Src/stm32f4xx_it.o
                0x08001160                UsageFault_Handler
 .text.SVC_Handler
                0x08001168        0xe ./Core/Src/stm32f4xx_it.o
                0x08001168                SVC_Handler
 .text.DebugMon_Handler
                0x08001176        0xe ./Core/Src/stm32f4xx_it.o
                0x08001176                DebugMon_Handler
 .text.PendSV_Handler
                0x08001184        0xe ./Core/Src/stm32f4xx_it.o
                0x08001184                PendSV_Handler
 .text.SysTick_Handler
                0x08001192        0xc ./Core/Src/stm32f4xx_it.o
                0x08001192                SysTick_Handler
 *fill*         0x0800119e        0x2 
 .text.TIM3_IRQHandler
                0x080011a0      0x120 ./Core/Src/stm32f4xx_it.o
                0x080011a0                TIM3_IRQHandler
 .text.USART2_IRQHandler
                0x080012c0       0x5c ./Core/Src/stm32f4xx_it.o
                0x080012c0                USART2_IRQHandler
 .text.UART4_IRQHandler
                0x0800131c       0x5c ./Core/Src/stm32f4xx_it.o
                0x0800131c                UART4_IRQHandler
 .text.OTG_FS_IRQHandler
                0x08001378       0x14 ./Core/Src/stm32f4xx_it.o
                0x08001378                OTG_FS_IRQHandler
 .text._read    0x0800138c       0x3a ./Core/Src/syscalls.o
                0x0800138c                _read
 .text._write   0x080013c6       0x38 ./Core/Src/syscalls.o
                0x080013c6                _write
 .text._close   0x080013fe       0x18 ./Core/Src/syscalls.o
                0x080013fe                _close
 .text._fstat   0x08001416       0x20 ./Core/Src/syscalls.o
                0x08001416                _fstat
 .text._isatty  0x08001436       0x16 ./Core/Src/syscalls.o
                0x08001436                _isatty
 .text._lseek   0x0800144c       0x1a ./Core/Src/syscalls.o
                0x0800144c                _lseek
 *fill*         0x08001466        0x2 
 .text._sbrk    0x08001468       0x6c ./Core/Src/sysmem.o
                0x08001468                _sbrk
 .text.SystemInit
                0x080014d4       0x24 ./Core/Src/system_stm32f4xx.o
                0x080014d4                SystemInit
 .text.__NVIC_GetPriorityGrouping
                0x080014f8       0x1c ./Core/Src/tim.o
 .text.__NVIC_EnableIRQ
                0x08001514       0x3c ./Core/Src/tim.o
 .text.__NVIC_SetPriority
                0x08001550       0x54 ./Core/Src/tim.o
 .text.NVIC_EncodePriority
                0x080015a4       0x66 ./Core/Src/tim.o
 .text.LL_TIM_EnableCounter
                0x0800160a       0x20 ./Core/Src/tim.o
 .text.LL_TIM_DisableARRPreload
                0x0800162a       0x20 ./Core/Src/tim.o
 .text.LL_TIM_SetClockSource
                0x0800164a       0x2a ./Core/Src/tim.o
 .text.LL_TIM_SetTriggerOutput
                0x08001674       0x26 ./Core/Src/tim.o
 .text.LL_TIM_DisableMasterSlaveMode
                0x0800169a       0x20 ./Core/Src/tim.o
 .text.LL_TIM_EnableIT_UPDATE
                0x080016ba       0x20 ./Core/Src/tim.o
 *fill*         0x080016da        0x2 
 .text.LL_APB1_GRP1_EnableClock
                0x080016dc       0x30 ./Core/Src/tim.o
 .text.MX_TIM3_Init
                0x0800170c       0x8c ./Core/Src/tim.o
                0x0800170c                MX_TIM3_Init
 .text.__NVIC_GetPriorityGrouping
                0x08001798       0x1c ./Core/Src/usart.o
 .text.__NVIC_EnableIRQ
                0x080017b4       0x3c ./Core/Src/usart.o
 .text.__NVIC_SetPriority
                0x080017f0       0x54 ./Core/Src/usart.o
 .text.NVIC_EncodePriority
                0x08001844       0x66 ./Core/Src/usart.o
 .text.LL_USART_Enable
                0x080018aa       0x20 ./Core/Src/usart.o
 .text.LL_USART_ConfigAsyncMode
                0x080018ca       0x2c ./Core/Src/usart.o
 .text.LL_USART_EnableIT_RXNE
                0x080018f6       0x46 ./Core/Src/usart.o
 .text.LL_AHB1_GRP1_EnableClock
                0x0800193c       0x30 ./Core/Src/usart.o
 .text.LL_APB1_GRP1_EnableClock
                0x0800196c       0x30 ./Core/Src/usart.o
 .text.MX_UART4_Init
                0x0800199c       0xe8 ./Core/Src/usart.o
                0x0800199c                MX_UART4_Init
 .text.MX_USART2_UART_Init
                0x08001a84       0xe8 ./Core/Src/usart.o
                0x08001a84                MX_USART2_UART_Init
 .text.Reset_Handler
                0x08001b6c       0x50 ./Core/Startup/startup_stm32f407vetx.o
                0x08001b6c                Reset_Handler
 .text.Default_Handler
                0x08001bbc        0x2 ./Core/Startup/startup_stm32f407vetx.o
                0x08001bbc                RTC_Alarm_IRQHandler
                0x08001bbc                HASH_RNG_IRQHandler
                0x08001bbc                EXTI2_IRQHandler
                0x08001bbc                TIM8_CC_IRQHandler
                0x08001bbc                TIM1_CC_IRQHandler
                0x08001bbc                DMA2_Stream5_IRQHandler
                0x08001bbc                DMA1_Stream5_IRQHandler
                0x08001bbc                PVD_IRQHandler
                0x08001bbc                SDIO_IRQHandler
                0x08001bbc                TAMP_STAMP_IRQHandler
                0x08001bbc                CAN2_RX1_IRQHandler
                0x08001bbc                EXTI3_IRQHandler
                0x08001bbc                TIM8_TRG_COM_TIM14_IRQHandler
                0x08001bbc                TIM1_UP_TIM10_IRQHandler
                0x08001bbc                TIM8_UP_TIM13_IRQHandler
                0x08001bbc                I2C3_ER_IRQHandler
                0x08001bbc                EXTI0_IRQHandler
                0x08001bbc                I2C2_EV_IRQHandler
                0x08001bbc                DMA1_Stream2_IRQHandler
                0x08001bbc                CAN1_RX0_IRQHandler
                0x08001bbc                FPU_IRQHandler
                0x08001bbc                OTG_HS_WKUP_IRQHandler
                0x08001bbc                CAN2_SCE_IRQHandler
                0x08001bbc                DMA2_Stream2_IRQHandler
                0x08001bbc                SPI1_IRQHandler
                0x08001bbc                TIM6_DAC_IRQHandler
                0x08001bbc                TIM1_BRK_TIM9_IRQHandler
                0x08001bbc                DCMI_IRQHandler
                0x08001bbc                CAN2_RX0_IRQHandler
                0x08001bbc                DMA2_Stream3_IRQHandler
                0x08001bbc                USART6_IRQHandler
                0x08001bbc                USART3_IRQHandler
                0x08001bbc                CAN1_RX1_IRQHandler
                0x08001bbc                UART5_IRQHandler
                0x08001bbc                DMA2_Stream0_IRQHandler
                0x08001bbc                TIM4_IRQHandler
                0x08001bbc                I2C1_EV_IRQHandler
                0x08001bbc                DMA1_Stream6_IRQHandler
                0x08001bbc                DMA1_Stream1_IRQHandler
                0x08001bbc                RCC_IRQHandler
                0x08001bbc                TIM8_BRK_TIM12_IRQHandler
                0x08001bbc                Default_Handler
                0x08001bbc                EXTI15_10_IRQHandler
                0x08001bbc                ADC_IRQHandler
                0x08001bbc                DMA1_Stream7_IRQHandler
                0x08001bbc                TIM7_IRQHandler
                0x08001bbc                CAN2_TX_IRQHandler
                0x08001bbc                TIM5_IRQHandler
                0x08001bbc                DMA2_Stream7_IRQHandler
                0x08001bbc                I2C3_EV_IRQHandler
                0x08001bbc                EXTI9_5_IRQHandler
                0x08001bbc                RTC_WKUP_IRQHandler
                0x08001bbc                ETH_WKUP_IRQHandler
                0x08001bbc                SPI2_IRQHandler
                0x08001bbc                OTG_HS_EP1_IN_IRQHandler
                0x08001bbc                DMA1_Stream0_IRQHandler
                0x08001bbc                CAN1_TX_IRQHandler
                0x08001bbc                EXTI4_IRQHandler
                0x08001bbc                FSMC_IRQHandler
                0x08001bbc                ETH_IRQHandler
                0x08001bbc                OTG_HS_EP1_OUT_IRQHandler
                0x08001bbc                WWDG_IRQHandler
                0x08001bbc                TIM2_IRQHandler
                0x08001bbc                OTG_FS_WKUP_IRQHandler
                0x08001bbc                TIM1_TRG_COM_TIM11_IRQHandler
                0x08001bbc                OTG_HS_IRQHandler
                0x08001bbc                EXTI1_IRQHandler
                0x08001bbc                I2C2_ER_IRQHandler
                0x08001bbc                DMA2_Stream1_IRQHandler
                0x08001bbc                CAN1_SCE_IRQHandler
                0x08001bbc                FLASH_IRQHandler
                0x08001bbc                DMA2_Stream4_IRQHandler
                0x08001bbc                USART1_IRQHandler
                0x08001bbc                SPI3_IRQHandler
                0x08001bbc                DMA1_Stream4_IRQHandler
                0x08001bbc                I2C1_ER_IRQHandler
                0x08001bbc                DMA2_Stream6_IRQHandler
                0x08001bbc                DMA1_Stream3_IRQHandler
 *fill*         0x08001bbe        0x2 
 .text.HAL_Init
                0x08001bc0       0x44 ./Drivers/STM32F4xx_HAL_Driver/Src/stm32f4xx_hal.o
                0x08001bc0                HAL_Init
 .text.HAL_InitTick
                0x08001c04       0x60 ./Drivers/STM32F4xx_HAL_Driver/Src/stm32f4xx_hal.o
                0x08001c04                HAL_InitTick
 .text.HAL_IncTick
                0x08001c64       0x28 ./Drivers/STM32F4xx_HAL_Driver/Src/stm32f4xx_hal.o
                0x08001c64                HAL_IncTick
 .text.HAL_GetTick
                0x08001c8c       0x18 ./Drivers/STM32F4xx_HAL_Driver/Src/stm32f4xx_hal.o
                0x08001c8c                HAL_GetTick
 .text.HAL_Delay
                0x08001ca4       0x48 ./Drivers/STM32F4xx_HAL_Driver/Src/stm32f4xx_hal.o
                0x08001ca4                HAL_Delay
 .text.__NVIC_SetPriorityGrouping
                0x08001cec       0x48 ./Drivers/STM32F4xx_HAL_Driver/Src/stm32f4xx_hal_cortex.o
 .text.__NVIC_GetPriorityGrouping
                0x08001d34       0x1c ./Drivers/STM32F4xx_HAL_Driver/Src/stm32f4xx_hal_cortex.o
 .text.__NVIC_EnableIRQ
                0x08001d50       0x3c ./Drivers/STM32F4xx_HAL_Driver/Src/stm32f4xx_hal_cortex.o
 .text.__NVIC_SetPriority
                0x08001d8c       0x54 ./Drivers/STM32F4xx_HAL_Driver/Src/stm32f4xx_hal_cortex.o
 .text.NVIC_EncodePriority
                0x08001de0       0x66 ./Drivers/STM32F4xx_HAL_Driver/Src/stm32f4xx_hal_cortex.o
 *fill*         0x08001e46        0x2 
 .text.SysTick_Config
                0x08001e48       0x44 ./Drivers/STM32F4xx_HAL_Driver/Src/stm32f4xx_hal_cortex.o
 .text.HAL_NVIC_SetPriorityGrouping
                0x08001e8c       0x16 ./Drivers/STM32F4xx_HAL_Driver/Src/stm32f4xx_hal_cortex.o
                0x08001e8c                HAL_NVIC_SetPriorityGrouping
 .text.HAL_NVIC_SetPriority
                0x08001ea2       0x38 ./Drivers/STM32F4xx_HAL_Driver/Src/stm32f4xx_hal_cortex.o
                0x08001ea2                HAL_NVIC_SetPriority
 .text.HAL_NVIC_EnableIRQ
                0x08001eda       0x1c ./Drivers/STM32F4xx_HAL_Driver/Src/stm32f4xx_hal_cortex.o
                0x08001eda                HAL_NVIC_EnableIRQ
 .text.HAL_SYSTICK_Config
                0x08001ef6       0x18 ./Drivers/STM32F4xx_HAL_Driver/Src/stm32f4xx_hal_cortex.o
                0x08001ef6                HAL_SYSTICK_Config
 *fill*         0x08001f0e        0x2 
 .text.HAL_GPIO_Init
                0x08001f10      0x338 ./Drivers/STM32F4xx_HAL_Driver/Src/stm32f4xx_hal_gpio.o
                0x08001f10                HAL_GPIO_Init
 .text.HAL_GPIO_WritePin
                0x08002248       0x32 ./Drivers/STM32F4xx_HAL_Driver/Src/stm32f4xx_hal_gpio.o
                0x08002248                HAL_GPIO_WritePin
 .text.HAL_HCD_Init
                0x0800227a       0xce ./Drivers/STM32F4xx_HAL_Driver/Src/stm32f4xx_hal_hcd.o
                0x0800227a                HAL_HCD_Init
 .text.HAL_HCD_HC_Init
                0x08002348      0x170 ./Drivers/STM32F4xx_HAL_Driver/Src/stm32f4xx_hal_hcd.o
                0x08002348                HAL_HCD_HC_Init
 .text.HAL_HCD_HC_Halt
                0x080024b8       0x46 ./Drivers/STM32F4xx_HAL_Driver/Src/stm32f4xx_hal_hcd.o
                0x080024b8                HAL_HCD_HC_Halt
 *fill*         0x080024fe        0x2 
 .text.HAL_HCD_HC_SubmitRequest
                0x08002500      0x33c ./Drivers/STM32F4xx_HAL_Driver/Src/stm32f4xx_hal_hcd.o
                0x08002500                HAL_HCD_HC_SubmitRequest
 .text.HAL_HCD_IRQHandler
                0x0800283c      0x220 ./Drivers/STM32F4xx_HAL_Driver/Src/stm32f4xx_hal_hcd.o
                0x0800283c                HAL_HCD_IRQHandler
 .text.HAL_HCD_Start
                0x08002a5c       0x46 ./Drivers/STM32F4xx_HAL_Driver/Src/stm32f4xx_hal_hcd.o
                0x08002a5c                HAL_HCD_Start
 .text.HAL_HCD_Stop
                0x08002aa2       0x3a ./Drivers/STM32F4xx_HAL_Driver/Src/stm32f4xx_hal_hcd.o
                0x08002aa2                HAL_HCD_Stop
 .text.HAL_HCD_ResetPort
                0x08002adc       0x1c ./Drivers/STM32F4xx_HAL_Driver/Src/stm32f4xx_hal_hcd.o
                0x08002adc                HAL_HCD_ResetPort
 .text.HAL_HCD_HC_GetURBState
                0x08002af8       0x2a ./Drivers/STM32F4xx_HAL_Driver/Src/stm32f4xx_hal_hcd.o
                0x08002af8                HAL_HCD_HC_GetURBState
 .text.HAL_HCD_GetCurrentFrame
                0x08002b22       0x1c ./Drivers/STM32F4xx_HAL_Driver/Src/stm32f4xx_hal_hcd.o
                0x08002b22                HAL_HCD_GetCurrentFrame
 .text.HAL_HCD_GetCurrentSpeed
                0x08002b3e       0x1c ./Drivers/STM32F4xx_HAL_Driver/Src/stm32f4xx_hal_hcd.o
                0x08002b3e                HAL_HCD_GetCurrentSpeed
 .text.HAL_HCD_HC_ClearHubInfo
                0x08002b5a       0x6a ./Drivers/STM32F4xx_HAL_Driver/Src/stm32f4xx_hal_hcd.o
                0x08002b5a                HAL_HCD_HC_ClearHubInfo
 .text.HCD_HC_IN_IRQHandler
                0x08002bc4      0xcd2 ./Drivers/STM32F4xx_HAL_Driver/Src/stm32f4xx_hal_hcd.o
 .text.HCD_HC_OUT_IRQHandler
                0x08003896      0x97e ./Drivers/STM32F4xx_HAL_Driver/Src/stm32f4xx_hal_hcd.o
 .text.HCD_RXQLVL_IRQHandler
                0x08004214      0x1be ./Drivers/STM32F4xx_HAL_Driver/Src/stm32f4xx_hal_hcd.o
 .text.HCD_Port_IRQHandler
                0x080043d2       0xe6 ./Drivers/STM32F4xx_HAL_Driver/Src/stm32f4xx_hal_hcd.o
 .text.HAL_RCC_OscConfig
                0x080044b8      0x4f0 ./Drivers/STM32F4xx_HAL_Driver/Src/stm32f4xx_hal_rcc.o
                0x080044b8                HAL_RCC_OscConfig
 .text.HAL_RCC_ClockConfig
                0x080049a8      0x1cc ./Drivers/STM32F4xx_HAL_Driver/Src/stm32f4xx_hal_rcc.o
                0x080049a8                HAL_RCC_ClockConfig
 .text.HAL_RCC_GetSysClockFreq
                0x08004b74      0x20c ./Drivers/STM32F4xx_HAL_Driver/Src/stm32f4xx_hal_rcc.o
                0x08004b74                HAL_RCC_GetSysClockFreq
 .text.LL_GPIO_SetPinMode
                0x08004d80       0x7a ./Drivers/STM32F4xx_HAL_Driver/Src/stm32f4xx_ll_gpio.o
 .text.LL_GPIO_SetPinOutputType
                0x08004dfa       0x30 ./Drivers/STM32F4xx_HAL_Driver/Src/stm32f4xx_ll_gpio.o
 .text.LL_GPIO_SetPinSpeed
                0x08004e2a       0x7a ./Drivers/STM32F4xx_HAL_Driver/Src/stm32f4xx_ll_gpio.o
 .text.LL_GPIO_SetPinPull
                0x08004ea4       0x7a ./Drivers/STM32F4xx_HAL_Driver/Src/stm32f4xx_ll_gpio.o
 .text.LL_GPIO_SetAFPin_0_7
                0x08004f1e       0x7a ./Drivers/STM32F4xx_HAL_Driver/Src/stm32f4xx_ll_gpio.o
 .text.LL_GPIO_SetAFPin_8_15
                0x08004f98       0x7e ./Drivers/STM32F4xx_HAL_Driver/Src/stm32f4xx_ll_gpio.o
 .text.LL_GPIO_Init
                0x08005016      0x102 ./Drivers/STM32F4xx_HAL_Driver/Src/stm32f4xx_ll_gpio.o
                0x08005016                LL_GPIO_Init
 .text.LL_RCC_GetSysClkSource
                0x08005118       0x1c ./Drivers/STM32F4xx_HAL_Driver/Src/stm32f4xx_ll_rcc.o
 .text.LL_RCC_GetAHBPrescaler
                0x08005134       0x1c ./Drivers/STM32F4xx_HAL_Driver/Src/stm32f4xx_ll_rcc.o
 .text.LL_RCC_GetAPB1Prescaler
                0x08005150       0x1c ./Drivers/STM32F4xx_HAL_Driver/Src/stm32f4xx_ll_rcc.o
 .text.LL_RCC_GetAPB2Prescaler
                0x0800516c       0x1c ./Drivers/STM32F4xx_HAL_Driver/Src/stm32f4xx_ll_rcc.o
 .text.LL_RCC_PLL_GetMainSource
                0x08005188       0x1c ./Drivers/STM32F4xx_HAL_Driver/Src/stm32f4xx_ll_rcc.o
 .text.LL_RCC_PLL_GetN
                0x080051a4       0x1c ./Drivers/STM32F4xx_HAL_Driver/Src/stm32f4xx_ll_rcc.o
 .text.LL_RCC_PLL_GetP
                0x080051c0       0x1c ./Drivers/STM32F4xx_HAL_Driver/Src/stm32f4xx_ll_rcc.o
 .text.LL_RCC_PLL_GetDivider
                0x080051dc       0x1c ./Drivers/STM32F4xx_HAL_Driver/Src/stm32f4xx_ll_rcc.o
 .text.LL_RCC_GetSystemClocksFreq
                0x080051f8       0x4a ./Drivers/STM32F4xx_HAL_Driver/Src/stm32f4xx_ll_rcc.o
                0x080051f8                LL_RCC_GetSystemClocksFreq
 *fill*         0x08005242        0x2 
 .text.RCC_GetSystemClockFreq
                0x08005244       0x50 ./Drivers/STM32F4xx_HAL_Driver/Src/stm32f4xx_ll_rcc.o
                0x08005244                RCC_GetSystemClockFreq
 .text.RCC_GetHCLKClockFreq
                0x08005294       0x2c ./Drivers/STM32F4xx_HAL_Driver/Src/stm32f4xx_ll_rcc.o
                0x08005294                RCC_GetHCLKClockFreq
 .text.RCC_GetPCLK1ClockFreq
                0x080052c0       0x28 ./Drivers/STM32F4xx_HAL_Driver/Src/stm32f4xx_ll_rcc.o
                0x080052c0                RCC_GetPCLK1ClockFreq
 .text.RCC_GetPCLK2ClockFreq
                0x080052e8       0x28 ./Drivers/STM32F4xx_HAL_Driver/Src/stm32f4xx_ll_rcc.o
                0x080052e8                RCC_GetPCLK2ClockFreq
 .text.RCC_PLL_GetFreqDomain_SYS
                0x08005310       0x7c ./Drivers/STM32F4xx_HAL_Driver/Src/stm32f4xx_ll_rcc.o
                0x08005310                RCC_PLL_GetFreqDomain_SYS
 .text.LL_TIM_SetPrescaler
                0x0800538c       0x1c ./Drivers/STM32F4xx_HAL_Driver/Src/stm32f4xx_ll_tim.o
 .text.LL_TIM_SetAutoReload
                0x080053a8       0x1c ./Drivers/STM32F4xx_HAL_Driver/Src/stm32f4xx_ll_tim.o
 .text.LL_TIM_SetRepetitionCounter
                0x080053c4       0x1c ./Drivers/STM32F4xx_HAL_Driver/Src/stm32f4xx_ll_tim.o
 .text.LL_TIM_GenerateEvent_UPDATE
                0x080053e0       0x20 ./Drivers/STM32F4xx_HAL_Driver/Src/stm32f4xx_ll_tim.o
 .text.LL_TIM_Init
                0x08005400      0x134 ./Drivers/STM32F4xx_HAL_Driver/Src/stm32f4xx_ll_tim.o
                0x08005400                LL_TIM_Init
 .text.LL_USART_IsEnabled
                0x08005534       0x28 ./Drivers/STM32F4xx_HAL_Driver/Src/stm32f4xx_ll_usart.o
 .text.LL_USART_SetStopBitsLength
                0x0800555c       0x26 ./Drivers/STM32F4xx_HAL_Driver/Src/stm32f4xx_ll_usart.o
 .text.LL_USART_SetHWFlowCtrl
                0x08005582       0x26 ./Drivers/STM32F4xx_HAL_Driver/Src/stm32f4xx_ll_usart.o
 .text.LL_USART_SetBaudRate
                0x080055a8      0x45c ./Drivers/STM32F4xx_HAL_Driver/Src/stm32f4xx_ll_usart.o
 .text.LL_USART_Init
                0x08005a04      0x100 ./Drivers/STM32F4xx_HAL_Driver/Src/stm32f4xx_ll_usart.o
                0x08005a04                LL_USART_Init
 .text.USB_CoreInit
                0x08005b04       0xc8 ./Drivers/STM32F4xx_HAL_Driver/Src/stm32f4xx_ll_usb.o
                0x08005b04                USB_CoreInit
 .text.USB_EnableGlobalInt
                0x08005bcc       0x22 ./Drivers/STM32F4xx_HAL_Driver/Src/stm32f4xx_ll_usb.o
                0x08005bcc                USB_EnableGlobalInt
 .text.USB_DisableGlobalInt
                0x08005bee       0x22 ./Drivers/STM32F4xx_HAL_Driver/Src/stm32f4xx_ll_usb.o
                0x08005bee                USB_DisableGlobalInt
 .text.USB_SetCurrentMode
                0x08005c10       0x98 ./Drivers/STM32F4xx_HAL_Driver/Src/stm32f4xx_ll_usb.o
                0x08005c10                USB_SetCurrentMode
 .text.USB_FlushTxFifo
                0x08005ca8       0x64 ./Drivers/STM32F4xx_HAL_Driver/Src/stm32f4xx_ll_usb.o
                0x08005ca8                USB_FlushTxFifo
 .text.USB_FlushRxFifo
                0x08005d0c       0x5c ./Drivers/STM32F4xx_HAL_Driver/Src/stm32f4xx_ll_usb.o
                0x08005d0c                USB_FlushRxFifo
 .text.USB_WritePacket
                0x08005d68       0x7c ./Drivers/STM32F4xx_HAL_Driver/Src/stm32f4xx_ll_usb.o
                0x08005d68                USB_WritePacket
 .text.USB_ReadPacket
                0x08005de4       0xb0 ./Drivers/STM32F4xx_HAL_Driver/Src/stm32f4xx_ll_usb.o
                0x08005de4                USB_ReadPacket
 .text.USB_ReadInterrupts
                0x08005e94       0x26 ./Drivers/STM32F4xx_HAL_Driver/Src/stm32f4xx_ll_usb.o
                0x08005e94                USB_ReadInterrupts
 .text.USB_ReadChInterrupts
                0x08005eba       0x42 ./Drivers/STM32F4xx_HAL_Driver/Src/stm32f4xx_ll_usb.o
                0x08005eba                USB_ReadChInterrupts
 .text.USB_GetMode
                0x08005efc       0x1c ./Drivers/STM32F4xx_HAL_Driver/Src/stm32f4xx_ll_usb.o
                0x08005efc                USB_GetMode
 .text.USB_CoreReset
                0x08005f18       0x62 ./Drivers/STM32F4xx_HAL_Driver/Src/stm32f4xx_ll_usb.o
 *fill*         0x08005f7a        0x2 
 .text.USB_HostInit
                0x08005f7c      0x188 ./Drivers/STM32F4xx_HAL_Driver/Src/stm32f4xx_ll_usb.o
                0x08005f7c                USB_HostInit
 .text.USB_InitFSLSPClkSel
                0x08006104       0x7a ./Drivers/STM32F4xx_HAL_Driver/Src/stm32f4xx_ll_usb.o
                0x08006104                USB_InitFSLSPClkSel
 .text.USB_ResetPort
                0x0800617e       0x54 ./Drivers/STM32F4xx_HAL_Driver/Src/stm32f4xx_ll_usb.o
                0x0800617e                USB_ResetPort
 .text.USB_DriveVbus
                0x080061d2       0x72 ./Drivers/STM32F4xx_HAL_Driver/Src/stm32f4xx_ll_usb.o
                0x080061d2                USB_DriveVbus
 .text.USB_GetHostSpeed
                0x08006244       0x2e ./Drivers/STM32F4xx_HAL_Driver/Src/stm32f4xx_ll_usb.o
                0x08006244                USB_GetHostSpeed
 .text.USB_GetCurrentFrame
                0x08006272       0x22 ./Drivers/STM32F4xx_HAL_Driver/Src/stm32f4xx_ll_usb.o
                0x08006272                USB_GetCurrentFrame
 .text.USB_HC_Init
                0x08006294      0x258 ./Drivers/STM32F4xx_HAL_Driver/Src/stm32f4xx_ll_usb.o
                0x08006294                USB_HC_Init
 .text.USB_HC_StartXfer
                0x080064ec      0x4f4 ./Drivers/STM32F4xx_HAL_Driver/Src/stm32f4xx_ll_usb.o
                0x080064ec                USB_HC_StartXfer
 .text.USB_HC_ReadInterrupt
                0x080069e0       0x22 ./Drivers/STM32F4xx_HAL_Driver/Src/stm32f4xx_ll_usb.o
                0x080069e0                USB_HC_ReadInterrupt
 .text.USB_HC_Halt
                0x08006a02      0x240 ./Drivers/STM32F4xx_HAL_Driver/Src/stm32f4xx_ll_usb.o
                0x08006a02                USB_HC_Halt
 *fill*         0x08006c42        0x2 
 .text.USB_DoPing
                0x08006c44       0x78 ./Drivers/STM32F4xx_HAL_Driver/Src/stm32f4xx_ll_usb.o
                0x08006c44                USB_DoPing
 .text.USB_StopHost
                0x08006cbc      0x124 ./Drivers/STM32F4xx_HAL_Driver/Src/stm32f4xx_ll_usb.o
                0x08006cbc                USB_StopHost
 .text.USBH_Init
                0x08006de0       0x74 ./Middlewares/ST/STM32_USB_Host_Library/Core/Src/usbh_core.o
                0x08006de0                USBH_Init
 .text.DeInitStateMachine
                0x08006e54       0xea ./Middlewares/ST/STM32_USB_Host_Library/Core/Src/usbh_core.o
 .text.USBH_RegisterClass
                0x08006f3e       0x56 ./Middlewares/ST/STM32_USB_Host_Library/Core/Src/usbh_core.o
                0x08006f3e                USBH_RegisterClass
 .text.USBH_SelectInterface
                0x08006f94       0xb4 ./Middlewares/ST/STM32_USB_Host_Library/Core/Src/usbh_core.o
                0x08006f94                USBH_SelectInterface
 .text.USBH_FindInterface
                0x08007048       0x8c ./Middlewares/ST/STM32_USB_Host_Library/Core/Src/usbh_core.o
                0x08007048                USBH_FindInterface
 .text.USBH_Start
                0x080070d4       0x20 ./Middlewares/ST/STM32_USB_Host_Library/Core/Src/usbh_core.o
                0x080070d4                USBH_Start
 .text.USBH_Process
                0x080070f4      0x4b4 ./Middlewares/ST/STM32_USB_Host_Library/Core/Src/usbh_core.o
                0x080070f4                USBH_Process
 .text.USBH_HandleEnum
                0x080075a8      0x4ec ./Middlewares/ST/STM32_USB_Host_Library/Core/Src/usbh_core.o
 .text.USBH_LL_SetTimer
                0x08007a94       0x1e ./Middlewares/ST/STM32_USB_Host_Library/Core/Src/usbh_core.o
                0x08007a94                USBH_LL_SetTimer
 .text.USBH_LL_IncTimer
                0x08007ab2       0x24 ./Middlewares/ST/STM32_USB_Host_Library/Core/Src/usbh_core.o
                0x08007ab2                USBH_LL_IncTimer
 .text.USBH_HandleSof
                0x08007ad6       0x30 ./Middlewares/ST/STM32_USB_Host_Library/Core/Src/usbh_core.o
 .text.USBH_LL_PortEnabled
                0x08007b06       0x1c ./Middlewares/ST/STM32_USB_Host_Library/Core/Src/usbh_core.o
                0x08007b06                USBH_LL_PortEnabled
 .text.USBH_LL_PortDisabled
                0x08007b22       0x1c ./Middlewares/ST/STM32_USB_Host_Library/Core/Src/usbh_core.o
                0x08007b22                USBH_LL_PortDisabled
 .text.USBH_LL_Connect
                0x08007b3e       0x2e ./Middlewares/ST/STM32_USB_Host_Library/Core/Src/usbh_core.o
                0x08007b3e                USBH_LL_Connect
 .text.USBH_LL_Disconnect
                0x08007b6c       0x48 ./Middlewares/ST/STM32_USB_Host_Library/Core/Src/usbh_core.o
                0x08007b6c                USBH_LL_Disconnect
 .text.USBH_Get_DevDesc
                0x08007bb4       0x58 ./Middlewares/ST/STM32_USB_Host_Library/Core/Src/usbh_ctlreq.o
                0x08007bb4                USBH_Get_DevDesc
 .text.USBH_Get_CfgDesc
                0x08007c0c       0x54 ./Middlewares/ST/STM32_USB_Host_Library/Core/Src/usbh_ctlreq.o
                0x08007c0c                USBH_Get_CfgDesc
 .text.USBH_Get_StringDesc
                0x08007c60       0x68 ./Middlewares/ST/STM32_USB_Host_Library/Core/Src/usbh_ctlreq.o
                0x08007c60                USBH_Get_StringDesc
 .text.USBH_GetDescriptor
                0x08007cc8       0x6a ./Middlewares/ST/STM32_USB_Host_Library/Core/Src/usbh_ctlreq.o
                0x08007cc8                USBH_GetDescriptor
 .text.USBH_SetAddress
                0x08007d32       0x48 ./Middlewares/ST/STM32_USB_Host_Library/Core/Src/usbh_ctlreq.o
                0x08007d32                USBH_SetAddress
 .text.USBH_SetCfg
                0x08007d7a       0x46 ./Middlewares/ST/STM32_USB_Host_Library/Core/Src/usbh_ctlreq.o
                0x08007d7a                USBH_SetCfg
 .text.USBH_SetFeature
                0x08007dc0       0x48 ./Middlewares/ST/STM32_USB_Host_Library/Core/Src/usbh_ctlreq.o
                0x08007dc0                USBH_SetFeature
 .text.USBH_ParseDevDesc
                0x08007e08      0x160 ./Middlewares/ST/STM32_USB_Host_Library/Core/Src/usbh_ctlreq.o
 .text.USBH_ParseCfgDesc
                0x08007f68      0x1f0 ./Middlewares/ST/STM32_USB_Host_Library/Core/Src/usbh_ctlreq.o
 .text.USBH_ParseInterfaceDesc
                0x08008158       0x68 ./Middlewares/ST/STM32_USB_Host_Library/Core/Src/usbh_ctlreq.o
 .text.USBH_ParseEPDesc
                0x080081c0      0x1d0 ./Middlewares/ST/STM32_USB_Host_Library/Core/Src/usbh_ctlreq.o
 .text.USBH_ParseStringDesc
                0x08008390       0x66 ./Middlewares/ST/STM32_USB_Host_Library/Core/Src/usbh_ctlreq.o
 .text.USBH_GetNextDesc
                0x080083f6       0x34 ./Middlewares/ST/STM32_USB_Host_Library/Core/Src/usbh_ctlreq.o
                0x080083f6                USBH_GetNextDesc
 .text.USBH_CtlReq
                0x0800842a       0x7a ./Middlewares/ST/STM32_USB_Host_Library/Core/Src/usbh_ctlreq.o
                0x0800842a                USBH_CtlReq
 .text.USBH_HandleControl
                0x080084a4      0x2e8 ./Middlewares/ST/STM32_USB_Host_Library/Core/Src/usbh_ctlreq.o
 .text.USBH_CtlSendSetup
                0x0800878c       0x34 ./Middlewares/ST/STM32_USB_Host_Library/Core/Src/usbh_ioreq.o
                0x0800878c                USBH_CtlSendSetup
 .text.USBH_CtlSendData
                0x080087c0       0x4a ./Middlewares/ST/STM32_USB_Host_Library/Core/Src/usbh_ioreq.o
                0x080087c0                USBH_CtlSendData
 .text.USBH_CtlReceiveData
                0x0800880a       0x3c ./Middlewares/ST/STM32_USB_Host_Library/Core/Src/usbh_ioreq.o
                0x0800880a                USBH_CtlReceiveData
 .text.USBH_BulkSendData
                0x08008846       0x4a ./Middlewares/ST/STM32_USB_Host_Library/Core/Src/usbh_ioreq.o
                0x08008846                USBH_BulkSendData
 .text.USBH_BulkReceiveData
                0x08008890       0x3c ./Middlewares/ST/STM32_USB_Host_Library/Core/Src/usbh_ioreq.o
                0x08008890                USBH_BulkReceiveData
 .text.USBH_OpenPipe
                0x080088cc       0x3e ./Middlewares/ST/STM32_USB_Host_Library/Core/Src/usbh_pipes.o
                0x080088cc                USBH_OpenPipe
 .text.USBH_ClosePipe
                0x0800890a       0x20 ./Middlewares/ST/STM32_USB_Host_Library/Core/Src/usbh_pipes.o
                0x0800890a                USBH_ClosePipe
 .text.USBH_AllocPipe
                0x0800892a       0x44 ./Middlewares/ST/STM32_USB_Host_Library/Core/Src/usbh_pipes.o
                0x0800892a                USBH_AllocPipe
 .text.USBH_FreePipe
                0x0800896e       0x40 ./Middlewares/ST/STM32_USB_Host_Library/Core/Src/usbh_pipes.o
                0x0800896e                USBH_FreePipe
 .text.USBH_GetFreePipe
                0x080089ae       0x4a ./Middlewares/ST/STM32_USB_Host_Library/Core/Src/usbh_pipes.o
 .text.MX_USB_HOST_Init
                0x080089f8       0x4c ./USB_HOST/App/usb_host.o
                0x080089f8                MX_USB_HOST_Init
 .text.MX_USB_HOST_Process
                0x08008a44       0x14 ./USB_HOST/App/usb_host.o
                0x08008a44                MX_USB_HOST_Process
 .text.USBH_UserProcess
                0x08008a58      0x16c ./USB_HOST/App/usb_host.o
 .text.FT232_Init
                0x08008bc4      0x27c ./USB_HOST/App/usbh_ft232.o
 .text.FT232_DeInit
                0x08008e40       0x84 ./USB_HOST/App/usbh_ft232.o
 .text.FT232_Process
                0x08008ec4      0x10c ./USB_HOST/App/usbh_ft232.o
 .text.FT232_SOFProcess
                0x08008fd0       0x16 ./USB_HOST/App/usbh_ft232.o
 *fill*         0x08008fe6        0x2 
 .text.FT232_Requests
                0x08008fe8       0x24 ./USB_HOST/App/usbh_ft232.o
 .text.FT232_Reset
                0x0800900c       0x60 ./USB_HOST/App/usbh_ft232.o
 .text.FT232_SetBaudRate
                0x0800906c       0x6c ./USB_HOST/App/usbh_ft232.o
 .text.FT232_SetDataCharacteristics
                0x080090d8       0xe0 ./USB_HOST/App/usbh_ft232.o
 .text.FT232_CalcDivisor
                0x080091b8       0x48 ./USB_HOST/App/usbh_ft232.o
 .text.USBH_FT232_Transmit
                0x08009200       0x56 ./USB_HOST/App/usbh_ft232.o
                0x08009200                USBH_FT232_Transmit
 .text.USBH_FT232_Receive
                0x08009256       0x52 ./USB_HOST/App/usbh_ft232.o
                0x08009256                USBH_FT232_Receive
 .text.HAL_HCD_MspInit
                0x080092a8       0xa8 ./USB_HOST/Target/usbh_conf.o
                0x080092a8                HAL_HCD_MspInit
 .text.HAL_HCD_SOF_Callback
                0x08009350       0x1c ./USB_HOST/Target/usbh_conf.o
                0x08009350                HAL_HCD_SOF_Callback
 .text.HAL_HCD_Connect_Callback
                0x0800936c       0x1c ./USB_HOST/Target/usbh_conf.o
                0x0800936c                HAL_HCD_Connect_Callback
 .text.HAL_HCD_Disconnect_Callback
                0x08009388       0x1c ./USB_HOST/Target/usbh_conf.o
                0x08009388                HAL_HCD_Disconnect_Callback
 .text.HAL_HCD_HC_NotifyURBChange_Callback
                0x080093a4       0x1c ./USB_HOST/Target/usbh_conf.o
                0x080093a4                HAL_HCD_HC_NotifyURBChange_Callback
 .text.HAL_HCD_PortEnabled_Callback
                0x080093c0       0x1c ./USB_HOST/Target/usbh_conf.o
                0x080093c0                HAL_HCD_PortEnabled_Callback
 .text.HAL_HCD_PortDisabled_Callback
                0x080093dc       0x1c ./USB_HOST/Target/usbh_conf.o
                0x080093dc                HAL_HCD_PortDisabled_Callback
 .text.USBH_LL_Init
                0x080093f8       0x78 ./USB_HOST/Target/usbh_conf.o
                0x080093f8                USBH_LL_Init
 .text.USBH_LL_Start
                0x08009470       0x36 ./USB_HOST/Target/usbh_conf.o
                0x08009470                USBH_LL_Start
 .text.USBH_LL_Stop
                0x080094a6       0x36 ./USB_HOST/Target/usbh_conf.o
                0x080094a6                USBH_LL_Stop
 .text.USBH_LL_GetSpeed
                0x080094dc       0x4e ./USB_HOST/Target/usbh_conf.o
                0x080094dc                USBH_LL_GetSpeed
 .text.USBH_LL_ResetPort
                0x0800952a       0x36 ./USB_HOST/Target/usbh_conf.o
                0x0800952a                USBH_LL_ResetPort
 .text.USBH_LL_OpenPipe
                0x08009560       0x5e ./USB_HOST/Target/usbh_conf.o
                0x08009560                USBH_LL_OpenPipe
 .text.USBH_LL_ClosePipe
                0x080095be       0x3e ./USB_HOST/Target/usbh_conf.o
                0x080095be                USBH_LL_ClosePipe
 .text.USBH_LL_SubmitURB
                0x080095fc       0x62 ./USB_HOST/Target/usbh_conf.o
                0x080095fc                USBH_LL_SubmitURB
 .text.USBH_LL_GetURBState
                0x0800965e       0x26 ./USB_HOST/Target/usbh_conf.o
                0x0800965e                USBH_LL_GetURBState
 .text.USBH_LL_DriverVBUS
                0x08009684       0x2e ./USB_HOST/Target/usbh_conf.o
                0x08009684                USBH_LL_DriverVBUS
 .text.USBH_Delay
                0x080096b2       0x16 ./USB_HOST/Target/usbh_conf.o
                0x080096b2                USBH_Delay
 .text.USBH_Get_USB_Status
                0x080096c8       0x58 ./USB_HOST/Target/usbh_conf.o
                0x080096c8                USBH_Get_USB_Status
 .text.MX_DriverVbusFS
                0x08009720       0x38 ./USB_HOST/Target/usbh_platform.o
                0x08009720                MX_DriverVbusFS
 .text.malloc   0x08009758       0x10 D:/ST/STM32CubeIDE_1.18.1/STM32CubeIDE/plugins/com.st.stm32cube.ide.mcu.externaltools.gnu-tools-for-stm32.13.3.rel1.win32_1.0.0.202411081344/tools/bin/../lib/gcc/arm-none-eabi/13.3.1/../../../../arm-none-eabi/lib/thumb/v7e-m+fp/hard\libc_nano.a(libc_a-malloc.o)
                0x08009758                malloc
 .text.free     0x08009768       0x10 D:/ST/STM32CubeIDE_1.18.1/STM32CubeIDE/plugins/com.st.stm32cube.ide.mcu.externaltools.gnu-tools-for-stm32.13.3.rel1.win32_1.0.0.202411081344/tools/bin/../lib/gcc/arm-none-eabi/13.3.1/../../../../arm-none-eabi/lib/thumb/v7e-m+fp/hard\libc_nano.a(libc_a-malloc.o)
                0x08009768                free
 .text.sbrk_aligned
                0x08009778       0x44 D:/ST/STM32CubeIDE_1.18.1/STM32CubeIDE/plugins/com.st.stm32cube.ide.mcu.externaltools.gnu-tools-for-stm32.13.3.rel1.win32_1.0.0.202411081344/tools/bin/../lib/gcc/arm-none-eabi/13.3.1/../../../../arm-none-eabi/lib/thumb/v7e-m+fp/hard\libc_nano.a(libc_a-mallocr.o)
 .text._malloc_r
                0x080097bc      0x100 D:/ST/STM32CubeIDE_1.18.1/STM32CubeIDE/plugins/com.st.stm32cube.ide.mcu.externaltools.gnu-tools-for-stm32.13.3.rel1.win32_1.0.0.202411081344/tools/bin/../lib/gcc/arm-none-eabi/13.3.1/../../../../arm-none-eabi/lib/thumb/v7e-m+fp/hard\libc_nano.a(libc_a-mallocr.o)
                0x080097bc                _malloc_r
 .text.__malloc_lock
                0x080098bc        0xc D:/ST/STM32CubeIDE_1.18.1/STM32CubeIDE/plugins/com.st.stm32cube.ide.mcu.externaltools.gnu-tools-for-stm32.13.3.rel1.win32_1.0.0.202411081344/tools/bin/../lib/gcc/arm-none-eabi/13.3.1/../../../../arm-none-eabi/lib/thumb/v7e-m+fp/hard\libc_nano.a(libc_a-mlock.o)
                0x080098bc                __malloc_lock
 .text.__malloc_unlock
                0x080098c8        0xc D:/ST/STM32CubeIDE_1.18.1/STM32CubeIDE/plugins/com.st.stm32cube.ide.mcu.externaltools.gnu-tools-for-stm32.13.3.rel1.win32_1.0.0.202411081344/tools/bin/../lib/gcc/arm-none-eabi/13.3.1/../../../../arm-none-eabi/lib/thumb/v7e-m+fp/hard\libc_nano.a(libc_a-mlock.o)
                0x080098c8                __malloc_unlock
 .text.std      0x080098d4       0x6c D:/ST/STM32CubeIDE_1.18.1/STM32CubeIDE/plugins/com.st.stm32cube.ide.mcu.externaltools.gnu-tools-for-stm32.13.3.rel1.win32_1.0.0.202411081344/tools/bin/../lib/gcc/arm-none-eabi/13.3.1/../../../../arm-none-eabi/lib/thumb/v7e-m+fp/hard\libc_nano.a(libc_a-findfp.o)
 .text.stdio_exit_handler
                0x08009940       0x18 D:/ST/STM32CubeIDE_1.18.1/STM32CubeIDE/plugins/com.st.stm32cube.ide.mcu.externaltools.gnu-tools-for-stm32.13.3.rel1.win32_1.0.0.202411081344/tools/bin/../lib/gcc/arm-none-eabi/13.3.1/../../../../arm-none-eabi/lib/thumb/v7e-m+fp/hard\libc_nano.a(libc_a-findfp.o)
 .text.cleanup_stdio
                0x08009958       0x40 D:/ST/STM32CubeIDE_1.18.1/STM32CubeIDE/plugins/com.st.stm32cube.ide.mcu.externaltools.gnu-tools-for-stm32.13.3.rel1.win32_1.0.0.202411081344/tools/bin/../lib/gcc/arm-none-eabi/13.3.1/../../../../arm-none-eabi/lib/thumb/v7e-m+fp/hard\libc_nano.a(libc_a-findfp.o)
 .text.global_stdio_init.part.0
                0x08009998       0x3c D:/ST/STM32CubeIDE_1.18.1/STM32CubeIDE/plugins/com.st.stm32cube.ide.mcu.externaltools.gnu-tools-for-stm32.13.3.rel1.win32_1.0.0.202411081344/tools/bin/../lib/gcc/arm-none-eabi/13.3.1/../../../../arm-none-eabi/lib/thumb/v7e-m+fp/hard\libc_nano.a(libc_a-findfp.o)
 .text.__sfp_lock_acquire
                0x080099d4        0xc D:/ST/STM32CubeIDE_1.18.1/STM32CubeIDE/plugins/com.st.stm32cube.ide.mcu.externaltools.gnu-tools-for-stm32.13.3.rel1.win32_1.0.0.202411081344/tools/bin/../lib/gcc/arm-none-eabi/13.3.1/../../../../arm-none-eabi/lib/thumb/v7e-m+fp/hard\libc_nano.a(libc_a-findfp.o)
                0x080099d4                __sfp_lock_acquire
 .text.__sfp_lock_release
                0x080099e0        0xc D:/ST/STM32CubeIDE_1.18.1/STM32CubeIDE/plugins/com.st.stm32cube.ide.mcu.externaltools.gnu-tools-for-stm32.13.3.rel1.win32_1.0.0.202411081344/tools/bin/../lib/gcc/arm-none-eabi/13.3.1/../../../../arm-none-eabi/lib/thumb/v7e-m+fp/hard\libc_nano.a(libc_a-findfp.o)
                0x080099e0                __sfp_lock_release
 .text.__sinit  0x080099ec       0x30 D:/ST/STM32CubeIDE_1.18.1/STM32CubeIDE/plugins/com.st.stm32cube.ide.mcu.externaltools.gnu-tools-for-stm32.13.3.rel1.win32_1.0.0.202411081344/tools/bin/../lib/gcc/arm-none-eabi/13.3.1/../../../../arm-none-eabi/lib/thumb/v7e-m+fp/hard\libc_nano.a(libc_a-findfp.o)
                0x080099ec                __sinit
 .text._fwalk_sglue
                0x08009a1c       0x3c D:/ST/STM32CubeIDE_1.18.1/STM32CubeIDE/plugins/com.st.stm32cube.ide.mcu.externaltools.gnu-tools-for-stm32.13.3.rel1.win32_1.0.0.202411081344/tools/bin/../lib/gcc/arm-none-eabi/13.3.1/../../../../arm-none-eabi/lib/thumb/v7e-m+fp/hard\libc_nano.a(libc_a-fwalk.o)
                0x08009a1c                _fwalk_sglue
 .text.printf   0x08009a58       0x24 D:/ST/STM32CubeIDE_1.18.1/STM32CubeIDE/plugins/com.st.stm32cube.ide.mcu.externaltools.gnu-tools-for-stm32.13.3.rel1.win32_1.0.0.202411081344/tools/bin/../lib/gcc/arm-none-eabi/13.3.1/../../../../arm-none-eabi/lib/thumb/v7e-m+fp/hard\libc_nano.a(libc_a-printf.o)
                0x08009a58                iprintf
                0x08009a58                printf
 .text.putchar  0x08009a7c       0x10 D:/ST/STM32CubeIDE_1.18.1/STM32CubeIDE/plugins/com.st.stm32cube.ide.mcu.externaltools.gnu-tools-for-stm32.13.3.rel1.win32_1.0.0.202411081344/tools/bin/../lib/gcc/arm-none-eabi/13.3.1/../../../../arm-none-eabi/lib/thumb/v7e-m+fp/hard\libc_nano.a(libc_a-putchar.o)
                0x08009a7c                putchar
 .text._puts_r  0x08009a8c       0xaa D:/ST/STM32CubeIDE_1.18.1/STM32CubeIDE/plugins/com.st.stm32cube.ide.mcu.externaltools.gnu-tools-for-stm32.13.3.rel1.win32_1.0.0.202411081344/tools/bin/../lib/gcc/arm-none-eabi/13.3.1/../../../../arm-none-eabi/lib/thumb/v7e-m+fp/hard\libc_nano.a(libc_a-puts.o)
                0x08009a8c                _puts_r
 *fill*         0x08009b36        0x2 
 .text.puts     0x08009b38       0x10 D:/ST/STM32CubeIDE_1.18.1/STM32CubeIDE/plugins/com.st.stm32cube.ide.mcu.externaltools.gnu-tools-for-stm32.13.3.rel1.win32_1.0.0.202411081344/tools/bin/../lib/gcc/arm-none-eabi/13.3.1/../../../../arm-none-eabi/lib/thumb/v7e-m+fp/hard\libc_nano.a(libc_a-puts.o)
                0x08009b38                puts
 .text.__sread  0x08009b48       0x22 D:/ST/STM32CubeIDE_1.18.1/STM32CubeIDE/plugins/com.st.stm32cube.ide.mcu.externaltools.gnu-tools-for-stm32.13.3.rel1.win32_1.0.0.202411081344/tools/bin/../lib/gcc/arm-none-eabi/13.3.1/../../../../arm-none-eabi/lib/thumb/v7e-m+fp/hard\libc_nano.a(libc_a-stdio.o)
                0x08009b48                __sread
 .text.__swrite
                0x08009b6a       0x38 D:/ST/STM32CubeIDE_1.18.1/STM32CubeIDE/plugins/com.st.stm32cube.ide.mcu.externaltools.gnu-tools-for-stm32.13.3.rel1.win32_1.0.0.202411081344/tools/bin/../lib/gcc/arm-none-eabi/13.3.1/../../../../arm-none-eabi/lib/thumb/v7e-m+fp/hard\libc_nano.a(libc_a-stdio.o)
                0x08009b6a                __swrite
 .text.__sseek  0x08009ba2       0x24 D:/ST/STM32CubeIDE_1.18.1/STM32CubeIDE/plugins/com.st.stm32cube.ide.mcu.externaltools.gnu-tools-for-stm32.13.3.rel1.win32_1.0.0.202411081344/tools/bin/../lib/gcc/arm-none-eabi/13.3.1/../../../../arm-none-eabi/lib/thumb/v7e-m+fp/hard\libc_nano.a(libc_a-stdio.o)
                0x08009ba2                __sseek
 .text.__sclose
                0x08009bc6        0x8 D:/ST/STM32CubeIDE_1.18.1/STM32CubeIDE/plugins/com.st.stm32cube.ide.mcu.externaltools.gnu-tools-for-stm32.13.3.rel1.win32_1.0.0.202411081344/tools/bin/../lib/gcc/arm-none-eabi/13.3.1/../../../../arm-none-eabi/lib/thumb/v7e-m+fp/hard\libc_nano.a(libc_a-stdio.o)
                0x08009bc6                __sclose
 .text.__swbuf_r
                0x08009bce       0x7c D:/ST/STM32CubeIDE_1.18.1/STM32CubeIDE/plugins/com.st.stm32cube.ide.mcu.externaltools.gnu-tools-for-stm32.13.3.rel1.win32_1.0.0.202411081344/tools/bin/../lib/gcc/arm-none-eabi/13.3.1/../../../../arm-none-eabi/lib/thumb/v7e-m+fp/hard\libc_nano.a(libc_a-wbuf.o)
                0x08009bce                __swbuf_r
 *fill*         0x08009c4a        0x2 
 .text.__swsetup_r
                0x08009c4c       0xac D:/ST/STM32CubeIDE_1.18.1/STM32CubeIDE/plugins/com.st.stm32cube.ide.mcu.externaltools.gnu-tools-for-stm32.13.3.rel1.win32_1.0.0.202411081344/tools/bin/../lib/gcc/arm-none-eabi/13.3.1/../../../../arm-none-eabi/lib/thumb/v7e-m+fp/hard\libc_nano.a(libc_a-wsetup.o)
                0x08009c4c                __swsetup_r
 .text.memset   0x08009cf8       0x10 D:/ST/STM32CubeIDE_1.18.1/STM32CubeIDE/plugins/com.st.stm32cube.ide.mcu.externaltools.gnu-tools-for-stm32.13.3.rel1.win32_1.0.0.202411081344/tools/bin/../lib/gcc/arm-none-eabi/13.3.1/../../../../arm-none-eabi/lib/thumb/v7e-m+fp/hard\libc_nano.a(libc_a-memset.o)
                0x08009cf8                memset
 .text._close_r
                0x08009d08       0x20 D:/ST/STM32CubeIDE_1.18.1/STM32CubeIDE/plugins/com.st.stm32cube.ide.mcu.externaltools.gnu-tools-for-stm32.13.3.rel1.win32_1.0.0.202411081344/tools/bin/../lib/gcc/arm-none-eabi/13.3.1/../../../../arm-none-eabi/lib/thumb/v7e-m+fp/hard\libc_nano.a(libc_a-closer.o)
                0x08009d08                _close_r
 .text._lseek_r
                0x08009d28       0x24 D:/ST/STM32CubeIDE_1.18.1/STM32CubeIDE/plugins/com.st.stm32cube.ide.mcu.externaltools.gnu-tools-for-stm32.13.3.rel1.win32_1.0.0.202411081344/tools/bin/../lib/gcc/arm-none-eabi/13.3.1/../../../../arm-none-eabi/lib/thumb/v7e-m+fp/hard\libc_nano.a(libc_a-lseekr.o)
                0x08009d28                _lseek_r
 .text._read_r  0x08009d4c       0x24 D:/ST/STM32CubeIDE_1.18.1/STM32CubeIDE/plugins/com.st.stm32cube.ide.mcu.externaltools.gnu-tools-for-stm32.13.3.rel1.win32_1.0.0.202411081344/tools/bin/../lib/gcc/arm-none-eabi/13.3.1/../../../../arm-none-eabi/lib/thumb/v7e-m+fp/hard\libc_nano.a(libc_a-readr.o)
                0x08009d4c                _read_r
 .text._sbrk_r  0x08009d70       0x20 D:/ST/STM32CubeIDE_1.18.1/STM32CubeIDE/plugins/com.st.stm32cube.ide.mcu.externaltools.gnu-tools-for-stm32.13.3.rel1.win32_1.0.0.202411081344/tools/bin/../lib/gcc/arm-none-eabi/13.3.1/../../../../arm-none-eabi/lib/thumb/v7e-m+fp/hard\libc_nano.a(libc_a-sbrkr.o)
                0x08009d70                _sbrk_r
 .text._write_r
                0x08009d90       0x24 D:/ST/STM32CubeIDE_1.18.1/STM32CubeIDE/plugins/com.st.stm32cube.ide.mcu.externaltools.gnu-tools-for-stm32.13.3.rel1.win32_1.0.0.202411081344/tools/bin/../lib/gcc/arm-none-eabi/13.3.1/../../../../arm-none-eabi/lib/thumb/v7e-m+fp/hard\libc_nano.a(libc_a-writer.o)
                0x08009d90                _write_r
 .text.__errno  0x08009db4        0xc D:/ST/STM32CubeIDE_1.18.1/STM32CubeIDE/plugins/com.st.stm32cube.ide.mcu.externaltools.gnu-tools-for-stm32.13.3.rel1.win32_1.0.0.202411081344/tools/bin/../lib/gcc/arm-none-eabi/13.3.1/../../../../arm-none-eabi/lib/thumb/v7e-m+fp/hard\libc_nano.a(libc_a-errno.o)
                0x08009db4                __errno
 .text.__libc_init_array
                0x08009dc0       0x48 D:/ST/STM32CubeIDE_1.18.1/STM32CubeIDE/plugins/com.st.stm32cube.ide.mcu.externaltools.gnu-tools-for-stm32.13.3.rel1.win32_1.0.0.202411081344/tools/bin/../lib/gcc/arm-none-eabi/13.3.1/../../../../arm-none-eabi/lib/thumb/v7e-m+fp/hard\libc_nano.a(libc_a-init.o)
                0x08009dc0                __libc_init_array
 .text.__retarget_lock_init_recursive
                0x08009e08        0x2 D:/ST/STM32CubeIDE_1.18.1/STM32CubeIDE/plugins/com.st.stm32cube.ide.mcu.externaltools.gnu-tools-for-stm32.13.3.rel1.win32_1.0.0.202411081344/tools/bin/../lib/gcc/arm-none-eabi/13.3.1/../../../../arm-none-eabi/lib/thumb/v7e-m+fp/hard\libc_nano.a(libc_a-lock.o)
                0x08009e08                __retarget_lock_init_recursive
 .text.__retarget_lock_acquire_recursive
                0x08009e0a        0x2 D:/ST/STM32CubeIDE_1.18.1/STM32CubeIDE/plugins/com.st.stm32cube.ide.mcu.externaltools.gnu-tools-for-stm32.13.3.rel1.win32_1.0.0.202411081344/tools/bin/../lib/gcc/arm-none-eabi/13.3.1/../../../../arm-none-eabi/lib/thumb/v7e-m+fp/hard\libc_nano.a(libc_a-lock.o)
                0x08009e0a                __retarget_lock_acquire_recursive
 .text.__retarget_lock_release_recursive
                0x08009e0c        0x2 D:/ST/STM32CubeIDE_1.18.1/STM32CubeIDE/plugins/com.st.stm32cube.ide.mcu.externaltools.gnu-tools-for-stm32.13.3.rel1.win32_1.0.0.202411081344/tools/bin/../lib/gcc/arm-none-eabi/13.3.1/../../../../arm-none-eabi/lib/thumb/v7e-m+fp/hard\libc_nano.a(libc_a-lock.o)
                0x08009e0c                __retarget_lock_release_recursive
 *fill*         0x08009e0e        0x2 
 .text._free_r  0x08009e10       0x94 D:/ST/STM32CubeIDE_1.18.1/STM32CubeIDE/plugins/com.st.stm32cube.ide.mcu.externaltools.gnu-tools-for-stm32.13.3.rel1.win32_1.0.0.202411081344/tools/bin/../lib/gcc/arm-none-eabi/13.3.1/../../../../arm-none-eabi/lib/thumb/v7e-m+fp/hard\libc_nano.a(libc_a-freer.o)
                0x08009e10                _free_r
 .text.__sfputc_r
                0x08009ea4       0x2e D:/ST/STM32CubeIDE_1.18.1/STM32CubeIDE/plugins/com.st.stm32cube.ide.mcu.externaltools.gnu-tools-for-stm32.13.3.rel1.win32_1.0.0.202411081344/tools/bin/../lib/gcc/arm-none-eabi/13.3.1/../../../../arm-none-eabi/lib/thumb/v7e-m+fp/hard\libc_nano.a(libc_a-nano-vfprintf.o)
 .text.__sfputs_r
                0x08009ed2       0x24 D:/ST/STM32CubeIDE_1.18.1/STM32CubeIDE/plugins/com.st.stm32cube.ide.mcu.externaltools.gnu-tools-for-stm32.13.3.rel1.win32_1.0.0.202411081344/tools/bin/../lib/gcc/arm-none-eabi/13.3.1/../../../../arm-none-eabi/lib/thumb/v7e-m+fp/hard\libc_nano.a(libc_a-nano-vfprintf.o)
                0x08009ed2                __sfputs_r
 *fill*         0x08009ef6        0x2 
 .text._vfprintf_r
                0x08009ef8      0x230 D:/ST/STM32CubeIDE_1.18.1/STM32CubeIDE/plugins/com.st.stm32cube.ide.mcu.externaltools.gnu-tools-for-stm32.13.3.rel1.win32_1.0.0.202411081344/tools/bin/../lib/gcc/arm-none-eabi/13.3.1/../../../../arm-none-eabi/lib/thumb/v7e-m+fp/hard\libc_nano.a(libc_a-nano-vfprintf.o)
                0x08009ef8                _vfprintf_r
                0x08009ef8                _vfiprintf_r
 .text._printf_common
                0x0800a128       0xda D:/ST/STM32CubeIDE_1.18.1/STM32CubeIDE/plugins/com.st.stm32cube.ide.mcu.externaltools.gnu-tools-for-stm32.13.3.rel1.win32_1.0.0.202411081344/tools/bin/../lib/gcc/arm-none-eabi/13.3.1/../../../../arm-none-eabi/lib/thumb/v7e-m+fp/hard\libc_nano.a(libc_a-nano-vfprintf_i.o)
                0x0800a128                _printf_common
 *fill*         0x0800a202        0x2 
 .text._printf_i
                0x0800a204      0x23c D:/ST/STM32CubeIDE_1.18.1/STM32CubeIDE/plugins/com.st.stm32cube.ide.mcu.externaltools.gnu-tools-for-stm32.13.3.rel1.win32_1.0.0.202411081344/tools/bin/../lib/gcc/arm-none-eabi/13.3.1/../../../../arm-none-eabi/lib/thumb/v7e-m+fp/hard\libc_nano.a(libc_a-nano-vfprintf_i.o)
                0x0800a204                _printf_i
 .text.__sflush_r
                0x0800a440      0x108 D:/ST/STM32CubeIDE_1.18.1/STM32CubeIDE/plugins/com.st.stm32cube.ide.mcu.externaltools.gnu-tools-for-stm32.13.3.rel1.win32_1.0.0.202411081344/tools/bin/../lib/gcc/arm-none-eabi/13.3.1/../../../../arm-none-eabi/lib/thumb/v7e-m+fp/hard\libc_nano.a(libc_a-fflush.o)
                0x0800a440                __sflush_r
 .text._fflush_r
                0x0800a548       0x50 D:/ST/STM32CubeIDE_1.18.1/STM32CubeIDE/plugins/com.st.stm32cube.ide.mcu.externaltools.gnu-tools-for-stm32.13.3.rel1.win32_1.0.0.202411081344/tools/bin/../lib/gcc/arm-none-eabi/13.3.1/../../../../arm-none-eabi/lib/thumb/v7e-m+fp/hard\libc_nano.a(libc_a-fflush.o)
                0x0800a548                _fflush_r
 .text.__swhatbuf_r
                0x0800a598       0x4c D:/ST/STM32CubeIDE_1.18.1/STM32CubeIDE/plugins/com.st.stm32cube.ide.mcu.externaltools.gnu-tools-for-stm32.13.3.rel1.win32_1.0.0.202411081344/tools/bin/../lib/gcc/arm-none-eabi/13.3.1/../../../../arm-none-eabi/lib/thumb/v7e-m+fp/hard\libc_nano.a(libc_a-makebuf.o)
                0x0800a598                __swhatbuf_r
 .text.__smakebuf_r
                0x0800a5e4       0x78 D:/ST/STM32CubeIDE_1.18.1/STM32CubeIDE/plugins/com.st.stm32cube.ide.mcu.externaltools.gnu-tools-for-stm32.13.3.rel1.win32_1.0.0.202411081344/tools/bin/../lib/gcc/arm-none-eabi/13.3.1/../../../../arm-none-eabi/lib/thumb/v7e-m+fp/hard\libc_nano.a(libc_a-makebuf.o)
                0x0800a5e4                __smakebuf_r
 .text._putc_r  0x0800a65c       0x68 D:/ST/STM32CubeIDE_1.18.1/STM32CubeIDE/plugins/com.st.stm32cube.ide.mcu.externaltools.gnu-tools-for-stm32.13.3.rel1.win32_1.0.0.202411081344/tools/bin/../lib/gcc/arm-none-eabi/13.3.1/../../../../arm-none-eabi/lib/thumb/v7e-m+fp/hard\libc_nano.a(libc_a-putc.o)
                0x0800a65c                _putc_r
 .text._fstat_r
                0x0800a6c4       0x24 D:/ST/STM32CubeIDE_1.18.1/STM32CubeIDE/plugins/com.st.stm32cube.ide.mcu.externaltools.gnu-tools-for-stm32.13.3.rel1.win32_1.0.0.202411081344/tools/bin/../lib/gcc/arm-none-eabi/13.3.1/../../../../arm-none-eabi/lib/thumb/v7e-m+fp/hard\libc_nano.a(libc_a-fstatr.o)
                0x0800a6c4                _fstat_r
 .text._isatty_r
                0x0800a6e8       0x20 D:/ST/STM32CubeIDE_1.18.1/STM32CubeIDE/plugins/com.st.stm32cube.ide.mcu.externaltools.gnu-tools-for-stm32.13.3.rel1.win32_1.0.0.202411081344/tools/bin/../lib/gcc/arm-none-eabi/13.3.1/../../../../arm-none-eabi/lib/thumb/v7e-m+fp/hard\libc_nano.a(libc_a-isattyr.o)
                0x0800a6e8                _isatty_r
 *(.glue_7)
 .glue_7        0x0800a708        0x0 linker stubs
 *(.glue_7t)
 .glue_7t       0x0800a708        0x0 linker stubs
 *(.eh_frame)
 .eh_frame      0x0800a708        0x0 D:/ST/STM32CubeIDE_1.18.1/STM32CubeIDE/plugins/com.st.stm32cube.ide.mcu.externaltools.gnu-tools-for-stm32.13.3.rel1.win32_1.0.0.202411081344/tools/bin/../lib/gcc/arm-none-eabi/13.3.1/thumb/v7e-m+fp/hard/crtbegin.o
 *(.init)
 .init          0x0800a708        0x4 D:/ST/STM32CubeIDE_1.18.1/STM32CubeIDE/plugins/com.st.stm32cube.ide.mcu.externaltools.gnu-tools-for-stm32.13.3.rel1.win32_1.0.0.202411081344/tools/bin/../lib/gcc/arm-none-eabi/13.3.1/thumb/v7e-m+fp/hard/crti.o
                0x0800a708                _init
 .init          0x0800a70c        0x8 D:/ST/STM32CubeIDE_1.18.1/STM32CubeIDE/plugins/com.st.stm32cube.ide.mcu.externaltools.gnu-tools-for-stm32.13.3.rel1.win32_1.0.0.202411081344/tools/bin/../lib/gcc/arm-none-eabi/13.3.1/thumb/v7e-m+fp/hard/crtn.o
 *(.fini)
 .fini          0x0800a714        0x4 D:/ST/STM32CubeIDE_1.18.1/STM32CubeIDE/plugins/com.st.stm32cube.ide.mcu.externaltools.gnu-tools-for-stm32.13.3.rel1.win32_1.0.0.202411081344/tools/bin/../lib/gcc/arm-none-eabi/13.3.1/thumb/v7e-m+fp/hard/crti.o
                0x0800a714                _fini
 .fini          0x0800a718        0x8 D:/ST/STM32CubeIDE_1.18.1/STM32CubeIDE/plugins/com.st.stm32cube.ide.mcu.externaltools.gnu-tools-for-stm32.13.3.rel1.win32_1.0.0.202411081344/tools/bin/../lib/gcc/arm-none-eabi/13.3.1/thumb/v7e-m+fp/hard/crtn.o
                0x0800a720                        . = ALIGN (0x4)
                0x0800a720                        _etext = .

.vfp11_veneer   0x0800a720        0x0
 .vfp11_veneer  0x0800a720        0x0 linker stubs

.v4_bx          0x0800a720        0x0
 .v4_bx         0x0800a720        0x0 linker stubs

.iplt           0x0800a720        0x0
 .iplt          0x0800a720        0x0 D:/ST/STM32CubeIDE_1.18.1/STM32CubeIDE/plugins/com.st.stm32cube.ide.mcu.externaltools.gnu-tools-for-stm32.13.3.rel1.win32_1.0.0.202411081344/tools/bin/../lib/gcc/arm-none-eabi/13.3.1/thumb/v7e-m+fp/hard/crtbegin.o

.rodata         0x0800a720      0x870
                0x0800a720                        . = ALIGN (0x4)
 *(.rodata)
 .rodata        0x0800a720        0x9 ./Core/Src/main.o
 *fill*         0x0800a729        0x3 
 .rodata        0x0800a72c      0x2c8 ./Middlewares/ST/STM32_USB_Host_Library/Core/Src/usbh_core.o
 .rodata        0x0800a9f4      0x1f7 ./USB_HOST/App/usb_host.o
 *fill*         0x0800abeb        0x1 
 .rodata        0x0800abec      0x355 ./USB_HOST/App/usbh_ft232.o
 *(.rodata*)
 *fill*         0x0800af41        0x3 
 .rodata.AHBPrescTable
                0x0800af44       0x10 ./Core/Src/system_stm32f4xx.o
                0x0800af44                AHBPrescTable
 .rodata.APBPrescTable
                0x0800af54        0x8 ./Core/Src/system_stm32f4xx.o
                0x0800af54                APBPrescTable
 .rodata._vfprintf_r.str1.1
                0x0800af5c       0x33 D:/ST/STM32CubeIDE_1.18.1/STM32CubeIDE/plugins/com.st.stm32cube.ide.mcu.externaltools.gnu-tools-for-stm32.13.3.rel1.win32_1.0.0.202411081344/tools/bin/../lib/gcc/arm-none-eabi/13.3.1/../../../../arm-none-eabi/lib/thumb/v7e-m+fp/hard\libc_nano.a(libc_a-nano-vfprintf.o)
                                 0x11 (size before relaxing)
 .rodata._printf_i.str1.1
                0x0800af8f       0x22 D:/ST/STM32CubeIDE_1.18.1/STM32CubeIDE/plugins/com.st.stm32cube.ide.mcu.externaltools.gnu-tools-for-stm32.13.3.rel1.win32_1.0.0.202411081344/tools/bin/../lib/gcc/arm-none-eabi/13.3.1/../../../../arm-none-eabi/lib/thumb/v7e-m+fp/hard\libc_nano.a(libc_a-nano-vfprintf_i.o)
                0x0800afb4                        . = ALIGN (0x4)
 *fill*         0x0800af8f        0x1 

.ARM.extab      0x0800af90        0x0
                0x0800af90                        . = ALIGN (0x4)
 *(.ARM.extab* .gnu.linkonce.armextab.*)
                0x0800af90                        . = ALIGN (0x4)

.ARM            0x0800af90        0x8
                0x0800af90                        . = ALIGN (0x4)
                0x0800af90                        __exidx_start = .
 *(.ARM.exidx*)
 .ARM.exidx     0x0800af90        0x8 D:/ST/STM32CubeIDE_1.18.1/STM32CubeIDE/plugins/com.st.stm32cube.ide.mcu.externaltools.gnu-tools-for-stm32.13.3.rel1.win32_1.0.0.202411081344/tools/bin/../lib/gcc/arm-none-eabi/13.3.1/../../../../arm-none-eabi/lib/thumb/v7e-m+fp/hard\libc_nano.a(libc_a-strcmp.o)
 .ARM.exidx     0x0800af98        0x0 D:/ST/STM32CubeIDE_1.18.1/STM32CubeIDE/plugins/com.st.stm32cube.ide.mcu.externaltools.gnu-tools-for-stm32.13.3.rel1.win32_1.0.0.202411081344/tools/bin/../lib/gcc/arm-none-eabi/13.3.1/../../../../arm-none-eabi/lib/thumb/v7e-m+fp/hard\libc_nano.a(libc_a-memchr.o)
                                  0x8 (size before relaxing)
 .ARM.exidx     0x0800af98        0x0 D:/ST/STM32CubeIDE_1.18.1/STM32CubeIDE/plugins/com.st.stm32cube.ide.mcu.externaltools.gnu-tools-for-stm32.13.3.rel1.win32_1.0.0.202411081344/tools/bin/../lib/gcc/arm-none-eabi/13.3.1/thumb/v7e-m+fp/hard\libgcc.a(_udivmoddi4.o)
                                  0x8 (size before relaxing)
                0x0800af98                        __exidx_end = .
                0x0800af98                        . = ALIGN (0x4)

.rel.dyn        0x0800af98        0x0
 .rel.iplt      0x0800af98        0x0 D:/ST/STM32CubeIDE_1.18.1/STM32CubeIDE/plugins/com.st.stm32cube.ide.mcu.externaltools.gnu-tools-for-stm32.13.3.rel1.win32_1.0.0.202411081344/tools/bin/../lib/gcc/arm-none-eabi/13.3.1/thumb/v7e-m+fp/hard/crtbegin.o

.preinit_array  0x0800af98        0x0
                0x0800af98                        . = ALIGN (0x4)
                0x0800af98                        PROVIDE (__preinit_array_start = .)
 *(.preinit_array*)
                0x0800af98                        PROVIDE (__preinit_array_end = .)
                0x0800af98                        . = ALIGN (0x4)

.init_array     0x0800af98        0x4
                0x0800af98                        . = ALIGN (0x4)
                0x0800af98                        PROVIDE (__init_array_start = .)
 *(SORT_BY_NAME(.init_array.*))
 *(.init_array*)
 .init_array    0x0800af98        0x4 D:/ST/STM32CubeIDE_1.18.1/STM32CubeIDE/plugins/com.st.stm32cube.ide.mcu.externaltools.gnu-tools-for-stm32.13.3.rel1.win32_1.0.0.202411081344/tools/bin/../lib/gcc/arm-none-eabi/13.3.1/thumb/v7e-m+fp/hard/crtbegin.o
                0x0800af9c                        PROVIDE (__init_array_end = .)
                0x0800af9c                        . = ALIGN (0x4)

.fini_array     0x0800af9c        0x4
                0x0800af9c                        . = ALIGN (0x4)
                [!provide]                        PROVIDE (__fini_array_start = .)
 *(SORT_BY_NAME(.fini_array.*))
 *(.fini_array*)
 .fini_array    0x0800af9c        0x4 D:/ST/STM32CubeIDE_1.18.1/STM32CubeIDE/plugins/com.st.stm32cube.ide.mcu.externaltools.gnu-tools-for-stm32.13.3.rel1.win32_1.0.0.202411081344/tools/bin/../lib/gcc/arm-none-eabi/13.3.1/thumb/v7e-m+fp/hard/crtbegin.o
                [!provide]                        PROVIDE (__fini_array_end = .)
                0x0800afa0                        . = ALIGN (0x4)
                0x0800afa0                        _sidata = LOADADDR (.data)

.data           0x20000000       0x88 load address 0x0800afa0
                0x20000000                        . = ALIGN (0x4)
                0x20000000                        _sdata = .
 *(.data)
 *(.data*)
 .data.SystemCoreClock
                0x20000000        0x4 ./Core/Src/system_stm32f4xx.o
                0x20000000                SystemCoreClock
 .data.uwTickPrio
                0x20000004        0x4 ./Drivers/STM32F4xx_HAL_Driver/Src/stm32f4xx_hal.o
                0x20000004                uwTickPrio
 .data.uwTickFreq
                0x20000008        0x1 ./Drivers/STM32F4xx_HAL_Driver/Src/stm32f4xx_hal.o
                0x20000008                uwTickFreq
 *fill*         0x20000009        0x3 
 .data.FT232_Class
                0x2000000c       0x20 ./USB_HOST/App/usbh_ft232.o
                0x2000000c                FT232_Class
 .data.__sglue  0x2000002c        0xc D:/ST/STM32CubeIDE_1.18.1/STM32CubeIDE/plugins/com.st.stm32cube.ide.mcu.externaltools.gnu-tools-for-stm32.13.3.rel1.win32_1.0.0.202411081344/tools/bin/../lib/gcc/arm-none-eabi/13.3.1/../../../../arm-none-eabi/lib/thumb/v7e-m+fp/hard\libc_nano.a(libc_a-findfp.o)
                0x2000002c                __sglue
 .data._impure_ptr
                0x20000038        0x4 D:/ST/STM32CubeIDE_1.18.1/STM32CubeIDE/plugins/com.st.stm32cube.ide.mcu.externaltools.gnu-tools-for-stm32.13.3.rel1.win32_1.0.0.202411081344/tools/bin/../lib/gcc/arm-none-eabi/13.3.1/../../../../arm-none-eabi/lib/thumb/v7e-m+fp/hard\libc_nano.a(libc_a-impure.o)
                0x20000038                _impure_ptr
 .data._impure_data
                0x2000003c       0x4c D:/ST/STM32CubeIDE_1.18.1/STM32CubeIDE/plugins/com.st.stm32cube.ide.mcu.externaltools.gnu-tools-for-stm32.13.3.rel1.win32_1.0.0.202411081344/tools/bin/../lib/gcc/arm-none-eabi/13.3.1/../../../../arm-none-eabi/lib/thumb/v7e-m+fp/hard\libc_nano.a(libc_a-impure.o)
                0x2000003c                _impure_data
 *(.RamFunc)
 *(.RamFunc*)
                0x20000088                        . = ALIGN (0x4)
                0x20000088                        _edata = .
                0x0800b028                        _siccmram = LOADADDR (.ccmram)

.igot.plt       0x20000088        0x0 load address 0x0800b028
 .igot.plt      0x20000088        0x0 D:/ST/STM32CubeIDE_1.18.1/STM32CubeIDE/plugins/com.st.stm32cube.ide.mcu.externaltools.gnu-tools-for-stm32.13.3.rel1.win32_1.0.0.202411081344/tools/bin/../lib/gcc/arm-none-eabi/13.3.1/thumb/v7e-m+fp/hard/crtbegin.o

.ccmram         0x10000000        0x0 load address 0x0800b028
                0x10000000                        . = ALIGN (0x4)
                0x10000000                        _sccmram = .
 *(.ccmram)
 *(.ccmram*)
                0x10000000                        . = ALIGN (0x4)
                0x10000000                        _eccmram = .
                0x10000000                        . = ALIGN (0x4)

.bss            0x20000088     0x13ac
                0x20000088                        _sbss = .
                0x20000088                        __bss_start__ = _sbss
 *(.bss)
 .bss           0x20000088       0x1c D:/ST/STM32CubeIDE_1.18.1/STM32CubeIDE/plugins/com.st.stm32cube.ide.mcu.externaltools.gnu-tools-for-stm32.13.3.rel1.win32_1.0.0.202411081344/tools/bin/../lib/gcc/arm-none-eabi/13.3.1/thumb/v7e-m+fp/hard/crtbegin.o
 *(.bss*)
 .bss.time3_1000ms_flag
                0x200000a4        0x1 ./Core/Src/main.o
                0x200000a4                time3_1000ms_flag
 .bss.time3_500ms_flag
                0x200000a5        0x1 ./Core/Src/main.o
                0x200000a5                time3_500ms_flag
 .bss.time3_100ms_flag
                0x200000a6        0x1 ./Core/Src/main.o
                0x200000a6                time3_100ms_flag
 .bss.time3_50ms_flag
                0x200000a7        0x1 ./Core/Src/main.o
                0x200000a7                time3_50ms_flag
 .bss.time3_10ms_flag
                0x200000a8        0x1 ./Core/Src/main.o
                0x200000a8                time3_10ms_flag
 .bss.time3_1ms_flag
                0x200000a9        0x1 ./Core/Src/main.o
                0x200000a9                time3_1ms_flag
 .bss.and_uart_stop_cnt
                0x200000aa        0x1 ./Core/Src/main.o
                0x200000aa                and_uart_stop_cnt
 *fill*         0x200000ab        0x1 
 .bss.and_rx_buffer
                0x200000ac      0x200 ./Core/Src/main.o
                0x200000ac                and_rx_buffer
 .bss.and_rx_buffer_bk
                0x200002ac      0x200 ./Core/Src/main.o
                0x200002ac                and_rx_buffer_bk
 .bss.pc_uart_stop_cnt
                0x200004ac        0x1 ./Core/Src/main.o
                0x200004ac                pc_uart_stop_cnt
 *fill*         0x200004ad        0x3 
 .bss.pc_rx_buffer
                0x200004b0      0x200 ./Core/Src/main.o
                0x200004b0                pc_rx_buffer
 .bss.pc_rx_buffer_bk
                0x200006b0      0x200 ./Core/Src/main.o
                0x200006b0                pc_rx_buffer_bk
 .bss.and_current_len_bk
                0x200008b0        0x4 ./Core/Src/main.o
                0x200008b0                and_current_len_bk
 .bss.and_current_len
                0x200008b4        0x4 ./Core/Src/main.o
                0x200008b4                and_current_len
 .bss.pc_current_len
                0x200008b8        0x4 ./Core/Src/main.o
                0x200008b8                pc_current_len
 .bss.pc_current_len_bk
                0x200008bc        0x4 ./Core/Src/main.o
                0x200008bc                pc_current_len_bk
 .bss.temp1     0x200008c0        0x1 ./Core/Src/main.o
                0x200008c0                temp1
 .bss.temp2     0x200008c1        0x1 ./Core/Src/main.o
                0x200008c1                temp2
 .bss.crc_temp1
                0x200008c2        0x2 ./Core/Src/main.o
                0x200008c2                crc_temp1
 .bss.voltage1  0x200008c4        0x4 ./Core/Src/main.o
                0x200008c4                voltage1
 .bss.voltage2  0x200008c8        0x4 ./Core/Src/main.o
                0x200008c8                voltage2
 .bss.flag      0x200008cc        0x1 ./Core/Src/main.o
                0x200008cc                flag
 *fill*         0x200008cd        0x3 
 .bss.CDC_RX_Buffer
                0x200008d0       0x40 ./Core/Src/main.o
                0x200008d0                CDC_RX_Buffer
 .bss.CDC_TX_Buffer
                0x20000910       0x40 ./Core/Src/main.o
                0x20000910                CDC_TX_Buffer
 .bss.tick.0    0x20000950        0x4 ./Core/Src/stm32f4xx_it.o
 .bss.__sbrk_heap_end
                0x20000954        0x4 ./Core/Src/sysmem.o
 .bss.uwTick    0x20000958        0x4 ./Drivers/STM32F4xx_HAL_Driver/Src/stm32f4xx_hal.o
                0x20000958                uwTick
 .bss.hUsbHostFS
                0x2000095c      0x5a8 ./USB_HOST/App/usb_host.o
                0x2000095c                hUsbHostFS
 .bss.Appli_state
                0x20000f04        0x1 ./USB_HOST/App/usb_host.o
                0x20000f04                Appli_state
 *fill*         0x20000f05        0x3 
 .bss.hhcd_USB_OTG_FS
                0x20000f08      0x3e0 ./USB_HOST/Target/usbh_conf.o
                0x20000f08                hhcd_USB_OTG_FS
 .bss.__malloc_sbrk_start
                0x200012e8        0x4 D:/ST/STM32CubeIDE_1.18.1/STM32CubeIDE/plugins/com.st.stm32cube.ide.mcu.externaltools.gnu-tools-for-stm32.13.3.rel1.win32_1.0.0.202411081344/tools/bin/../lib/gcc/arm-none-eabi/13.3.1/../../../../arm-none-eabi/lib/thumb/v7e-m+fp/hard\libc_nano.a(libc_a-mallocr.o)
                0x200012e8                __malloc_sbrk_start
 .bss.__malloc_free_list
                0x200012ec        0x4 D:/ST/STM32CubeIDE_1.18.1/STM32CubeIDE/plugins/com.st.stm32cube.ide.mcu.externaltools.gnu-tools-for-stm32.13.3.rel1.win32_1.0.0.202411081344/tools/bin/../lib/gcc/arm-none-eabi/13.3.1/../../../../arm-none-eabi/lib/thumb/v7e-m+fp/hard\libc_nano.a(libc_a-mallocr.o)
                0x200012ec                __malloc_free_list
 .bss.__sf      0x200012f0      0x138 D:/ST/STM32CubeIDE_1.18.1/STM32CubeIDE/plugins/com.st.stm32cube.ide.mcu.externaltools.gnu-tools-for-stm32.13.3.rel1.win32_1.0.0.202411081344/tools/bin/../lib/gcc/arm-none-eabi/13.3.1/../../../../arm-none-eabi/lib/thumb/v7e-m+fp/hard\libc_nano.a(libc_a-findfp.o)
                0x200012f0                __sf
 .bss.__stdio_exit_handler
                0x20001428        0x4 D:/ST/STM32CubeIDE_1.18.1/STM32CubeIDE/plugins/com.st.stm32cube.ide.mcu.externaltools.gnu-tools-for-stm32.13.3.rel1.win32_1.0.0.202411081344/tools/bin/../lib/gcc/arm-none-eabi/13.3.1/../../../../arm-none-eabi/lib/thumb/v7e-m+fp/hard\libc_nano.a(libc_a-findfp.o)
                0x20001428                __stdio_exit_handler
 .bss.errno     0x2000142c        0x4 D:/ST/STM32CubeIDE_1.18.1/STM32CubeIDE/plugins/com.st.stm32cube.ide.mcu.externaltools.gnu-tools-for-stm32.13.3.rel1.win32_1.0.0.202411081344/tools/bin/../lib/gcc/arm-none-eabi/13.3.1/../../../../arm-none-eabi/lib/thumb/v7e-m+fp/hard\libc_nano.a(libc_a-reent.o)
                0x2000142c                errno
 .bss.__lock___malloc_recursive_mutex
                0x20001430        0x1 D:/ST/STM32CubeIDE_1.18.1/STM32CubeIDE/plugins/com.st.stm32cube.ide.mcu.externaltools.gnu-tools-for-stm32.13.3.rel1.win32_1.0.0.202411081344/tools/bin/../lib/gcc/arm-none-eabi/13.3.1/../../../../arm-none-eabi/lib/thumb/v7e-m+fp/hard\libc_nano.a(libc_a-lock.o)
                0x20001430                __lock___malloc_recursive_mutex
 .bss.__lock___sfp_recursive_mutex
                0x20001431        0x1 D:/ST/STM32CubeIDE_1.18.1/STM32CubeIDE/plugins/com.st.stm32cube.ide.mcu.externaltools.gnu-tools-for-stm32.13.3.rel1.win32_1.0.0.202411081344/tools/bin/../lib/gcc/arm-none-eabi/13.3.1/../../../../arm-none-eabi/lib/thumb/v7e-m+fp/hard\libc_nano.a(libc_a-lock.o)
                0x20001431                __lock___sfp_recursive_mutex
 *(COMMON)
                0x20001434                        . = ALIGN (0x4)
 *fill*         0x20001432        0x2 
                0x20001434                        _ebss = .
                0x20001434                        __bss_end__ = _ebss

._user_heap_stack
                0x20001434      0x604
                0x20001438                        . = ALIGN (0x8)
 *fill*         0x20001434        0x4 
                [!provide]                        PROVIDE (end = .)
                0x20001438                        PROVIDE (_end = .)
                0x20001638                        . = (. + _Min_Heap_Size)
 *fill*         0x20001438      0x200 
                0x20001a38                        . = (. + _Min_Stack_Size)
 *fill*         0x20001638      0x400 
                0x20001a38                        . = ALIGN (0x8)

/DISCARD/
 libc.a(*)
 libm.a(*)
 libgcc.a(*)

.ARM.attributes
                0x00000000       0x30
 *(.ARM.attributes)
 .ARM.attributes
                0x00000000       0x22 D:/ST/STM32CubeIDE_1.18.1/STM32CubeIDE/plugins/com.st.stm32cube.ide.mcu.externaltools.gnu-tools-for-stm32.13.3.rel1.win32_1.0.0.202411081344/tools/bin/../lib/gcc/arm-none-eabi/13.3.1/thumb/v7e-m+fp/hard/crti.o
 .ARM.attributes
                0x00000022       0x34 D:/ST/STM32CubeIDE_1.18.1/STM32CubeIDE/plugins/com.st.stm32cube.ide.mcu.externaltools.gnu-tools-for-stm32.13.3.rel1.win32_1.0.0.202411081344/tools/bin/../lib/gcc/arm-none-eabi/13.3.1/thumb/v7e-m+fp/hard/crtbegin.o
 .ARM.attributes
                0x00000056       0x34 ./CRC/crc_xmod.o
 .ARM.attributes
                0x0000008a       0x34 ./Core/Src/gpio.o
 .ARM.attributes
                0x000000be       0x34 ./Core/Src/main.o
 .ARM.attributes
                0x000000f2       0x34 ./Core/Src/stm32f4xx_hal_msp.o
 .ARM.attributes
                0x00000126       0x34 ./Core/Src/stm32f4xx_it.o
 .ARM.attributes
                0x0000015a       0x34 ./Core/Src/syscalls.o
 .ARM.attributes
                0x0000018e       0x34 ./Core/Src/sysmem.o
 .ARM.attributes
                0x000001c2       0x34 ./Core/Src/system_stm32f4xx.o
 .ARM.attributes
                0x000001f6       0x34 ./Core/Src/tim.o
 .ARM.attributes
                0x0000022a       0x34 ./Core/Src/usart.o
 .ARM.attributes
                0x0000025e       0x21 ./Core/Startup/startup_stm32f407vetx.o
 .ARM.attributes
                0x0000027f       0x34 ./Drivers/STM32F4xx_HAL_Driver/Src/stm32f4xx_hal.o
 .ARM.attributes
                0x000002b3       0x34 ./Drivers/STM32F4xx_HAL_Driver/Src/stm32f4xx_hal_cortex.o
 .ARM.attributes
                0x000002e7       0x34 ./Drivers/STM32F4xx_HAL_Driver/Src/stm32f4xx_hal_gpio.o
 .ARM.attributes
                0x0000031b       0x34 ./Drivers/STM32F4xx_HAL_Driver/Src/stm32f4xx_hal_hcd.o
 .ARM.attributes
                0x0000034f       0x34 ./Drivers/STM32F4xx_HAL_Driver/Src/stm32f4xx_hal_rcc.o
 .ARM.attributes
                0x00000383       0x34 ./Drivers/STM32F4xx_HAL_Driver/Src/stm32f4xx_ll_gpio.o
 .ARM.attributes
                0x000003b7       0x34 ./Drivers/STM32F4xx_HAL_Driver/Src/stm32f4xx_ll_rcc.o
 .ARM.attributes
                0x000003eb       0x34 ./Drivers/STM32F4xx_HAL_Driver/Src/stm32f4xx_ll_tim.o
 .ARM.attributes
                0x0000041f       0x34 ./Drivers/STM32F4xx_HAL_Driver/Src/stm32f4xx_ll_usart.o
 .ARM.attributes
                0x00000453       0x34 ./Drivers/STM32F4xx_HAL_Driver/Src/stm32f4xx_ll_usb.o
 .ARM.attributes
                0x00000487       0x34 ./Middlewares/ST/STM32_USB_Host_Library/Core/Src/usbh_core.o
 .ARM.attributes
                0x000004bb       0x34 ./Middlewares/ST/STM32_USB_Host_Library/Core/Src/usbh_ctlreq.o
 .ARM.attributes
                0x000004ef       0x34 ./Middlewares/ST/STM32_USB_Host_Library/Core/Src/usbh_ioreq.o
 .ARM.attributes
                0x00000523       0x34 ./Middlewares/ST/STM32_USB_Host_Library/Core/Src/usbh_pipes.o
 .ARM.attributes
                0x00000557       0x34 ./USB_HOST/App/usb_host.o
 .ARM.attributes
                0x0000058b       0x34 ./USB_HOST/App/usbh_ft232.o
 .ARM.attributes
                0x000005bf       0x34 ./USB_HOST/Target/usbh_conf.o
 .ARM.attributes
                0x000005f3       0x34 ./USB_HOST/Target/usbh_platform.o
 .ARM.attributes
                0x00000627       0x34 D:/ST/STM32CubeIDE_1.18.1/STM32CubeIDE/plugins/com.st.stm32cube.ide.mcu.externaltools.gnu-tools-for-stm32.13.3.rel1.win32_1.0.0.202411081344/tools/bin/../lib/gcc/arm-none-eabi/13.3.1/../../../../arm-none-eabi/lib/thumb/v7e-m+fp/hard\libc_nano.a(libc_a-malloc.o)
 .ARM.attributes
                0x0000065b       0x34 D:/ST/STM32CubeIDE_1.18.1/STM32CubeIDE/plugins/com.st.stm32cube.ide.mcu.externaltools.gnu-tools-for-stm32.13.3.rel1.win32_1.0.0.202411081344/tools/bin/../lib/gcc/arm-none-eabi/13.3.1/../../../../arm-none-eabi/lib/thumb/v7e-m+fp/hard\libc_nano.a(libc_a-mallocr.o)
 .ARM.attributes
                0x0000068f       0x34 D:/ST/STM32CubeIDE_1.18.1/STM32CubeIDE/plugins/com.st.stm32cube.ide.mcu.externaltools.gnu-tools-for-stm32.13.3.rel1.win32_1.0.0.202411081344/tools/bin/../lib/gcc/arm-none-eabi/13.3.1/../../../../arm-none-eabi/lib/thumb/v7e-m+fp/hard\libc_nano.a(libc_a-mlock.o)
 .ARM.attributes
                0x000006c3       0x34 D:/ST/STM32CubeIDE_1.18.1/STM32CubeIDE/plugins/com.st.stm32cube.ide.mcu.externaltools.gnu-tools-for-stm32.13.3.rel1.win32_1.0.0.202411081344/tools/bin/../lib/gcc/arm-none-eabi/13.3.1/../../../../arm-none-eabi/lib/thumb/v7e-m+fp/hard\libc_nano.a(libc_a-findfp.o)
 .ARM.attributes
                0x000006f7       0x34 D:/ST/STM32CubeIDE_1.18.1/STM32CubeIDE/plugins/com.st.stm32cube.ide.mcu.externaltools.gnu-tools-for-stm32.13.3.rel1.win32_1.0.0.202411081344/tools/bin/../lib/gcc/arm-none-eabi/13.3.1/../../../../arm-none-eabi/lib/thumb/v7e-m+fp/hard\libc_nano.a(libc_a-fwalk.o)
 .ARM.attributes
                0x0000072b       0x34 D:/ST/STM32CubeIDE_1.18.1/STM32CubeIDE/plugins/com.st.stm32cube.ide.mcu.externaltools.gnu-tools-for-stm32.13.3.rel1.win32_1.0.0.202411081344/tools/bin/../lib/gcc/arm-none-eabi/13.3.1/../../../../arm-none-eabi/lib/thumb/v7e-m+fp/hard\libc_nano.a(libc_a-printf.o)
 .ARM.attributes
                0x0000075f       0x34 D:/ST/STM32CubeIDE_1.18.1/STM32CubeIDE/plugins/com.st.stm32cube.ide.mcu.externaltools.gnu-tools-for-stm32.13.3.rel1.win32_1.0.0.202411081344/tools/bin/../lib/gcc/arm-none-eabi/13.3.1/../../../../arm-none-eabi/lib/thumb/v7e-m+fp/hard\libc_nano.a(libc_a-putchar.o)
 .ARM.attributes
                0x00000793       0x34 D:/ST/STM32CubeIDE_1.18.1/STM32CubeIDE/plugins/com.st.stm32cube.ide.mcu.externaltools.gnu-tools-for-stm32.13.3.rel1.win32_1.0.0.202411081344/tools/bin/../lib/gcc/arm-none-eabi/13.3.1/../../../../arm-none-eabi/lib/thumb/v7e-m+fp/hard\libc_nano.a(libc_a-puts.o)
 .ARM.attributes
                0x000007c7       0x34 D:/ST/STM32CubeIDE_1.18.1/STM32CubeIDE/plugins/com.st.stm32cube.ide.mcu.externaltools.gnu-tools-for-stm32.13.3.rel1.win32_1.0.0.202411081344/tools/bin/../lib/gcc/arm-none-eabi/13.3.1/../../../../arm-none-eabi/lib/thumb/v7e-m+fp/hard\libc_nano.a(libc_a-stdio.o)
 .ARM.attributes
                0x000007fb       0x34 D:/ST/STM32CubeIDE_1.18.1/STM32CubeIDE/plugins/com.st.stm32cube.ide.mcu.externaltools.gnu-tools-for-stm32.13.3.rel1.win32_1.0.0.202411081344/tools/bin/../lib/gcc/arm-none-eabi/13.3.1/../../../../arm-none-eabi/lib/thumb/v7e-m+fp/hard\libc_nano.a(libc_a-wbuf.o)
 .ARM.attributes
                0x0000082f       0x34 D:/ST/STM32CubeIDE_1.18.1/STM32CubeIDE/plugins/com.st.stm32cube.ide.mcu.externaltools.gnu-tools-for-stm32.13.3.rel1.win32_1.0.0.202411081344/tools/bin/../lib/gcc/arm-none-eabi/13.3.1/../../../../arm-none-eabi/lib/thumb/v7e-m+fp/hard\libc_nano.a(libc_a-wsetup.o)
 .ARM.attributes
                0x00000863       0x34 D:/ST/STM32CubeIDE_1.18.1/STM32CubeIDE/plugins/com.st.stm32cube.ide.mcu.externaltools.gnu-tools-for-stm32.13.3.rel1.win32_1.0.0.202411081344/tools/bin/../lib/gcc/arm-none-eabi/13.3.1/../../../../arm-none-eabi/lib/thumb/v7e-m+fp/hard\libc_nano.a(libc_a-memset.o)
 .ARM.attributes
                0x00000897       0x34 D:/ST/STM32CubeIDE_1.18.1/STM32CubeIDE/plugins/com.st.stm32cube.ide.mcu.externaltools.gnu-tools-for-stm32.13.3.rel1.win32_1.0.0.202411081344/tools/bin/../lib/gcc/arm-none-eabi/13.3.1/../../../../arm-none-eabi/lib/thumb/v7e-m+fp/hard\libc_nano.a(libc_a-closer.o)
 .ARM.attributes
                0x000008cb       0x34 D:/ST/STM32CubeIDE_1.18.1/STM32CubeIDE/plugins/com.st.stm32cube.ide.mcu.externaltools.gnu-tools-for-stm32.13.3.rel1.win32_1.0.0.202411081344/tools/bin/../lib/gcc/arm-none-eabi/13.3.1/../../../../arm-none-eabi/lib/thumb/v7e-m+fp/hard\libc_nano.a(libc_a-reent.o)
 .ARM.attributes
                0x000008ff       0x34 D:/ST/STM32CubeIDE_1.18.1/STM32CubeIDE/plugins/com.st.stm32cube.ide.mcu.externaltools.gnu-tools-for-stm32.13.3.rel1.win32_1.0.0.202411081344/tools/bin/../lib/gcc/arm-none-eabi/13.3.1/../../../../arm-none-eabi/lib/thumb/v7e-m+fp/hard\libc_nano.a(libc_a-impure.o)
 .ARM.attributes
                0x00000933       0x34 D:/ST/STM32CubeIDE_1.18.1/STM32CubeIDE/plugins/com.st.stm32cube.ide.mcu.externaltools.gnu-tools-for-stm32.13.3.rel1.win32_1.0.0.202411081344/tools/bin/../lib/gcc/arm-none-eabi/13.3.1/../../../../arm-none-eabi/lib/thumb/v7e-m+fp/hard\libc_nano.a(libc_a-lseekr.o)
 .ARM.attributes
                0x00000967       0x34 D:/ST/STM32CubeIDE_1.18.1/STM32CubeIDE/plugins/com.st.stm32cube.ide.mcu.externaltools.gnu-tools-for-stm32.13.3.rel1.win32_1.0.0.202411081344/tools/bin/../lib/gcc/arm-none-eabi/13.3.1/../../../../arm-none-eabi/lib/thumb/v7e-m+fp/hard\libc_nano.a(libc_a-readr.o)
 .ARM.attributes
                0x0000099b       0x34 D:/ST/STM32CubeIDE_1.18.1/STM32CubeIDE/plugins/com.st.stm32cube.ide.mcu.externaltools.gnu-tools-for-stm32.13.3.rel1.win32_1.0.0.202411081344/tools/bin/../lib/gcc/arm-none-eabi/13.3.1/../../../../arm-none-eabi/lib/thumb/v7e-m+fp/hard\libc_nano.a(libc_a-sbrkr.o)
 .ARM.attributes