../Middlewares/ST/STM32_USB_Host_Library/Class/AUDIO/Src/usbh_audio.c:191:27:USBH_AUDIO_InterfaceInit	56	static
../Middlewares/ST/STM32_USB_Host_Library/Class/AUDIO/Src/usbh_audio.c:337:27:USBH_AUDIO_InterfaceDeInit	24	static
../Middlewares/ST/STM32_USB_Host_Library/Class/AUDIO/Src/usbh_audio.c:378:27:USBH_AUDIO_ClassRequest	32	static
../Middlewares/ST/STM32_USB_Host_Library/Class/AUDIO/Src/usbh_audio.c:570:27:USBH_AUDIO_CSRequest	40	static
../Middlewares/ST/STM32_USB_Host_Library/Class/AUDIO/Src/usbh_audio.c:664:27:USBH_AUDIO_HandleCSRequest	24	static
../Middlewares/ST/STM32_USB_Host_Library/Class/AUDIO/Src/usbh_audio.c:709:27:USBH_AUDIO_Process	24	static
../Middlewares/ST/STM32_USB_Host_Library/Class/AUDIO/Src/usbh_audio.c:733:27:USBH_AUDIO_SOFProcess	16	static
../Middlewares/ST/STM32_USB_Host_Library/Class/AUDIO/Src/usbh_audio.c:745:27:USBH_AUDIO_FindAudioStreamingIN	24	static
../Middlewares/ST/STM32_USB_Host_Library/Class/AUDIO/Src/usbh_audio.c:787:27:USBH_AUDIO_FindAudioStreamingOUT	24	static
../Middlewares/ST/STM32_USB_Host_Library/Class/AUDIO/Src/usbh_audio.c:829:27:USBH_AUDIO_FindHIDControl	24	static
../Middlewares/ST/STM32_USB_Host_Library/Class/AUDIO/Src/usbh_audio.c:870:27:USBH_AUDIO_ParseCSDescriptors	40	static
../Middlewares/ST/STM32_USB_Host_Library/Class/AUDIO/Src/usbh_audio.c:933:27:ParseCSDescriptors	24	static
../Middlewares/ST/STM32_USB_Host_Library/Class/AUDIO/Src/usbh_audio.c:997:17:USBH_AUDIO_FindLinkedUnit	24	static
../Middlewares/ST/STM32_USB_Host_Library/Class/AUDIO/Src/usbh_audio.c:1058:27:USBH_AUDIO_BuildMicrophonePath	32	static
../Middlewares/ST/STM32_USB_Host_Library/Class/AUDIO/Src/usbh_audio.c:1124:27:USBH_AUDIO_BuildHeadphonePath	32	static
../Middlewares/ST/STM32_USB_Host_Library/Class/AUDIO/Src/usbh_audio.c:1216:27:USBH_AC_SetCur	32	static
../Middlewares/ST/STM32_USB_Host_Library/Class/AUDIO/Src/usbh_audio.c:1280:27:USBH_AC_GetCur	32	static
../Middlewares/ST/STM32_USB_Host_Library/Class/AUDIO/Src/usbh_audio.c:1353:27:USBH_AC_GetMax	32	static
../Middlewares/ST/STM32_USB_Host_Library/Class/AUDIO/Src/usbh_audio.c:1426:27:USBH_AC_GetRes	32	static
../Middlewares/ST/STM32_USB_Host_Library/Class/AUDIO/Src/usbh_audio.c:1499:27:USBH_AC_GetMin	32	static
../Middlewares/ST/STM32_USB_Host_Library/Class/AUDIO/Src/usbh_audio.c:1569:27:USBH_AUDIO_SetEndpointControls	32	static
../Middlewares/ST/STM32_USB_Host_Library/Class/AUDIO/Src/usbh_audio.c:1595:27:USBH_AUDIO_InputStream	24	static
../Middlewares/ST/STM32_USB_Host_Library/Class/AUDIO/Src/usbh_audio.c:1610:27:USBH_AUDIO_Control	32	static
../Middlewares/ST/STM32_USB_Host_Library/Class/AUDIO/Src/usbh_audio.c:1685:27:USBH_AUDIO_OutputStream	32	static
../Middlewares/ST/STM32_USB_Host_Library/Class/AUDIO/Src/usbh_audio.c:1766:27:USBH_AUDIO_Transmit	24	static
../Middlewares/ST/STM32_USB_Host_Library/Class/AUDIO/Src/usbh_audio.c:1851:20:USBH_AUDIO_SetFrequency	40	static
../Middlewares/ST/STM32_USB_Host_Library/Class/AUDIO/Src/usbh_audio.c:1918:20:USBH_AUDIO_Play	32	static
../Middlewares/ST/STM32_USB_Host_Library/Class/AUDIO/Src/usbh_audio.c:1955:20:USBH_AUDIO_Stop	24	static
../Middlewares/ST/STM32_USB_Host_Library/Class/AUDIO/Src/usbh_audio.c:1968:20:USBH_AUDIO_Suspend	24	static
../Middlewares/ST/STM32_USB_Host_Library/Class/AUDIO/Src/usbh_audio.c:1992:20:USBH_AUDIO_Resume	24	static
../Middlewares/ST/STM32_USB_Host_Library/Class/AUDIO/Src/usbh_audio.c:2015:9:USBH_AUDIO_GetOutOffset	24	static
../Middlewares/ST/STM32_USB_Host_Library/Class/AUDIO/Src/usbh_audio.c:2038:20:USBH_AUDIO_ChangeOutBuffer	24	static
../Middlewares/ST/STM32_USB_Host_Library/Class/AUDIO/Src/usbh_audio.c:2071:27:USBH_AUDIO_SetControlAttribute	24	static
../Middlewares/ST/STM32_USB_Host_Library/Class/AUDIO/Src/usbh_audio.c:2135:20:USBH_AUDIO_SetVolume	24	static
../Middlewares/ST/STM32_USB_Host_Library/Class/AUDIO/Src/usbh_audio.c:2163:27:AUDIO_SetVolume	32	static
../Middlewares/ST/STM32_USB_Host_Library/Class/AUDIO/Src/usbh_audio.c:2184:13:USBH_AUDIO_FrequencySet	16	static
../Middlewares/ST/STM32_USB_Host_Library/Class/AUDIO/Src/usbh_audio.c:2195:13:USBH_AUDIO_BufferEmptyCallback	16	static
